Archive member included to satisfy reference by file (symbol)

c:/users/yaxing.chen/downloads/env_released_1.2.0/env/tools/gnu_gcc/arm_gcc/mingw/bin/../lib/gcc/arm-none-eabi/7.3.1/../../../../arm-none-eabi/lib/thumb/v7e-m/fpv4-sp/hard\libc.a(lib_a-fclose.o)
                              build\kernel\components\libc\compilers\newlib\stdio.o (fclose)
c:/users/yaxing.chen/downloads/env_released_1.2.0/env/tools/gnu_gcc/arm_gcc/mingw/bin/../lib/gcc/arm-none-eabi/7.3.1/../../../../arm-none-eabi/lib/thumb/v7e-m/fpv4-sp/hard\libc.a(lib_a-fflush.o)
                              c:/users/yaxing.chen/downloads/env_released_1.2.0/env/tools/gnu_gcc/arm_gcc/mingw/bin/../lib/gcc/arm-none-eabi/7.3.1/../../../../arm-none-eabi/lib/thumb/v7e-m/fpv4-sp/hard\libc.a(lib_a-fclose.o) (__sflush_r)
c:/users/yaxing.chen/downloads/env_released_1.2.0/env/tools/gnu_gcc/arm_gcc/mingw/bin/../lib/gcc/arm-none-eabi/7.3.1/../../../../arm-none-eabi/lib/thumb/v7e-m/fpv4-sp/hard\libc.a(lib_a-fileno.o)
                              build\kernel\components\libc\compilers\newlib\stdio.o (fileno)
c:/users/yaxing.chen/downloads/env_released_1.2.0/env/tools/gnu_gcc/arm_gcc/mingw/bin/../lib/gcc/arm-none-eabi/7.3.1/../../../../arm-none-eabi/lib/thumb/v7e-m/fpv4-sp/hard\libc.a(lib_a-findfp.o)
                              c:/users/yaxing.chen/downloads/env_released_1.2.0/env/tools/gnu_gcc/arm_gcc/mingw/bin/../lib/gcc/arm-none-eabi/7.3.1/../../../../arm-none-eabi/lib/thumb/v7e-m/fpv4-sp/hard\libc.a(lib_a-fclose.o) (__sfp_lock_acquire)
c:/users/yaxing.chen/downloads/env_released_1.2.0/env/tools/gnu_gcc/arm_gcc/mingw/bin/../lib/gcc/arm-none-eabi/7.3.1/../../../../arm-none-eabi/lib/thumb/v7e-m/fpv4-sp/hard\libc.a(lib_a-fopen.o)
                              build\kernel\components\libc\compilers\newlib\stdio.o (fopen)
c:/users/yaxing.chen/downloads/env_released_1.2.0/env/tools/gnu_gcc/arm_gcc/mingw/bin/../lib/gcc/arm-none-eabi/7.3.1/../../../../arm-none-eabi/lib/thumb/v7e-m/fpv4-sp/hard\libc.a(lib_a-fseek.o)
                              c:/users/yaxing.chen/downloads/env_released_1.2.0/env/tools/gnu_gcc/arm_gcc/mingw/bin/../lib/gcc/arm-none-eabi/7.3.1/../../../../arm-none-eabi/lib/thumb/v7e-m/fpv4-sp/hard\libc.a(lib_a-fopen.o) (_fseek_r)
c:/users/yaxing.chen/downloads/env_released_1.2.0/env/tools/gnu_gcc/arm_gcc/mingw/bin/../lib/gcc/arm-none-eabi/7.3.1/../../../../arm-none-eabi/lib/thumb/v7e-m/fpv4-sp/hard\libc.a(lib_a-fseeko.o)
                              c:/users/yaxing.chen/downloads/env_released_1.2.0/env/tools/gnu_gcc/arm_gcc/mingw/bin/../lib/gcc/arm-none-eabi/7.3.1/../../../../arm-none-eabi/lib/thumb/v7e-m/fpv4-sp/hard\libc.a(lib_a-fseek.o) (_fseeko_r)
c:/users/yaxing.chen/downloads/env_released_1.2.0/env/tools/gnu_gcc/arm_gcc/mingw/bin/../lib/gcc/arm-none-eabi/7.3.1/../../../../arm-none-eabi/lib/thumb/v7e-m/fpv4-sp/hard\libc.a(lib_a-fwalk.o)
                              c:/users/yaxing.chen/downloads/env_released_1.2.0/env/tools/gnu_gcc/arm_gcc/mingw/bin/../lib/gcc/arm-none-eabi/7.3.1/../../../../arm-none-eabi/lib/thumb/v7e-m/fpv4-sp/hard\libc.a(lib_a-findfp.o) (_fwalk)
c:/users/yaxing.chen/downloads/env_released_1.2.0/env/tools/gnu_gcc/arm_gcc/mingw/bin/../lib/gcc/arm-none-eabi/7.3.1/../../../../arm-none-eabi/lib/thumb/v7e-m/fpv4-sp/hard\libc.a(lib_a-getchar.o)
                              build\kernel\components\finsh\shell.o (getchar)
c:/users/yaxing.chen/downloads/env_released_1.2.0/env/tools/gnu_gcc/arm_gcc/mingw/bin/../lib/gcc/arm-none-eabi/7.3.1/../../../../arm-none-eabi/lib/thumb/v7e-m/fpv4-sp/hard\libc.a(lib_a-impure.o)
                              build\kernel\components\libc\compilers\newlib\stdio.o (_global_impure_ptr)
c:/users/yaxing.chen/downloads/env_released_1.2.0/env/tools/gnu_gcc/arm_gcc/mingw/bin/../lib/gcc/arm-none-eabi/7.3.1/../../../../arm-none-eabi/lib/thumb/v7e-m/fpv4-sp/hard\libc.a(lib_a-lock.o)
                              c:/users/yaxing.chen/downloads/env_released_1.2.0/env/tools/gnu_gcc/arm_gcc/mingw/bin/../lib/gcc/arm-none-eabi/7.3.1/../../../../arm-none-eabi/lib/thumb/v7e-m/fpv4-sp/hard\libc.a(lib_a-findfp.o) (__retarget_lock_init_recursive)
c:/users/yaxing.chen/downloads/env_released_1.2.0/env/tools/gnu_gcc/arm_gcc/mingw/bin/../lib/gcc/arm-none-eabi/7.3.1/../../../../arm-none-eabi/lib/thumb/v7e-m/fpv4-sp/hard\libc.a(lib_a-makebuf.o)
                              c:/users/yaxing.chen/downloads/env_released_1.2.0/env/tools/gnu_gcc/arm_gcc/mingw/bin/../lib/gcc/arm-none-eabi/7.3.1/../../../../arm-none-eabi/lib/thumb/v7e-m/fpv4-sp/hard\libc.a(lib_a-fseeko.o) (__smakebuf_r)
c:/users/yaxing.chen/downloads/env_released_1.2.0/env/tools/gnu_gcc/arm_gcc/mingw/bin/../lib/gcc/arm-none-eabi/7.3.1/../../../../arm-none-eabi/lib/thumb/v7e-m/fpv4-sp/hard\libc.a(lib_a-memcmp.o)
                              build\kernel\components\finsh\shell.o (memcmp)
[...]
Memory Configuration

Name             Origin             Length             Attributes
ROM              0x0000000008000000 0x0000000000100000 xr
RAM              0x0000000020000000 0x0000000000018000 rw
*default*        0x0000000000000000 0xffffffffffffffff

Linker script and memory map

LOAD c:/users/yaxing.chen/downloads/env_released_1.2.0/env/tools/gnu_gcc/arm_gcc/mingw/bin/../lib/gcc/arm-none-eabi/7.3.1/thumb/v7e-m/fpv4-sp/hard/crti.o
LOAD c:/users/yaxing.chen/downloads/env_released_1.2.0/env/tools/gnu_gcc/arm_gcc/mingw/bin/../lib/gcc/arm-none-eabi/7.3.1/thumb/v7e-m/fpv4-sp/hard/crtbegin.o
LOAD c:/users/yaxing.chen/downloads/env_released_1.2.0/env/tools/gnu_gcc/arm_gcc/mingw/bin/../lib/gcc/arm-none-eabi/7.3.1/../../../../arm-none-eabi/lib/thumb/v7e-m/fpv4-sp/hard/crt0.o
LOAD build\applications\main.o
LOAD build\board\board.o
LOAD build\board\msp\at32_msp.o
LOAD build\board\msp\system_at32f4xx.o
LOAD Libraries\AT32_Std_Driver\CMSIS\AT32\AT32F4xx\src\gcc\startup_at32f403avgt7.o
LOAD build\kernel\src\clock.o
LOAD build\kernel\src\components.o
LOAD build\kernel\src\device.o
LOAD build\kernel\src\idle.o
LOAD build\kernel\src\ipc.o
LOAD build\kernel\src\irq.o
LOAD build\kernel\src\kservice.o
LOAD build\kernel\src\mem.o
LOAD build\kernel\src\memheap.o
LOAD build\kernel\src\mempool.o
LOAD build\kernel\src\object.o
LOAD build\kernel\src\scheduler.o
LOAD build\kernel\src\thread.o
LOAD build\kernel\src\timer.o
LOAD build\kernel\libcpu\arm\common\backtrace.o
LOAD build\kernel\libcpu\arm\common\div0.o
LOAD build\kernel\libcpu\arm\common\showmem.o
LOAD build\kernel\libcpu\arm\cortex-m4\cpuport.o
LOAD build\kernel\libcpu\arm\cortex-m4\context_gcc.o
LOAD build\kernel\components\dfs\src\dfs.o
LOAD build\kernel\components\dfs\src\dfs_file.o
LOAD build\kernel\components\dfs\src\dfs_fs.o
LOAD build\kernel\components\dfs\src\dfs_posix.o
LOAD build\kernel\components\dfs\src\poll.o
LOAD build\kernel\components\dfs\src\select.o
LOAD build\kernel\components\dfs\filesystems\devfs\devfs.o
LOAD build\kernel\components\dfs\filesystems\elmfat\dfs_elm.o
LOAD build\kernel\components\dfs\filesystems\elmfat\ff.o
LOAD build\kernel\components\dfs\filesystems\elmfat\ffunicode.o
LOAD build\kernel\components\drivers\misc\pin.o
LOAD build\kernel\components\drivers\serial\serial.o
LOAD build\kernel\components\drivers\src\completion.o
LOAD build\kernel\components\drivers\src\dataqueue.o
LOAD build\kernel\components\drivers\src\pipe.o
LOAD build\kernel\components\drivers\src\ringblk_buf.o
LOAD build\kernel\components\drivers\src\ringbuffer.o
LOAD build\kernel\components\drivers\src\waitqueue.o
LOAD build\kernel\components\drivers\src\workqueue.o
LOAD build\kernel\components\finsh\shell.o
LOAD build\kernel\components\finsh\cmd.o
LOAD build\kernel\components\finsh\msh.o
LOAD build\kernel\components\finsh\msh_file.o
LOAD build\kernel\components\libc\compilers\common\time.o
LOAD build\kernel\components\libc\compilers\common\unistd.o
LOAD build\kernel\components\libc\compilers\newlib\libc.o
LOAD build\kernel\components\libc\compilers\newlib\libc_syms.o
LOAD build\kernel\components\libc\compilers\newlib\stdio.o
LOAD build\kernel\components\libc\compilers\newlib\syscalls.o
LOAD Libraries\AT32_Std_Driver\AT32F4xx_StdPeriph_Driver\src\at32f4xx_adc.o
LOAD Libraries\AT32_Std_Driver\AT32F4xx_StdPeriph_Driver\src\at32f4xx_can.o
LOAD Libraries\AT32_Std_Driver\AT32F4xx_StdPeriph_Driver\src\at32f4xx_crc.o
LOAD Libraries\AT32_Std_Driver\AT32F4xx_StdPeriph_Driver\src\at32f4xx_dbgmcu.o
LOAD Libraries\AT32_Std_Driver\AT32F4xx_StdPeriph_Driver\src\at32f4xx_dma.o
LOAD Libraries\AT32_Std_Driver\AT32F4xx_StdPeriph_Driver\src\at32f4xx_exti.o
LOAD Libraries\AT32_Std_Driver\AT32F4xx_StdPeriph_Driver\src\at32f4xx_flash.o
LOAD Libraries\AT32_Std_Driver\AT32F4xx_StdPeriph_Driver\src\at32f4xx_gpio.o
LOAD Libraries\AT32_Std_Driver\AT32F4xx_StdPeriph_Driver\src\at32f4xx_i2c.o
LOAD Libraries\AT32_Std_Driver\AT32F4xx_StdPeriph_Driver\src\at32f4xx_iwdg.o
LOAD Libraries\AT32_Std_Driver\AT32F4xx_StdPeriph_Driver\src\at32f4xx_pwr.o
LOAD Libraries\AT32_Std_Driver\AT32F4xx_StdPeriph_Driver\src\at32f4xx_rcc.o
LOAD Libraries\AT32_Std_Driver\AT32F4xx_StdPeriph_Driver\src\at32f4xx_spi.o
LOAD Libraries\AT32_Std_Driver\AT32F4xx_StdPeriph_Driver\src\at32f4xx_tim.o
LOAD Libraries\AT32_Std_Driver\AT32F4xx_StdPeriph_Driver\src\at32f4xx_usart.o
LOAD Libraries\AT32_Std_Driver\AT32F4xx_StdPeriph_Driver\src\at32f4xx_wwdg.o
LOAD Libraries\AT32_Std_Driver\AT32F4xx_StdPeriph_Driver\src\at32f4xx_sdio.o
LOAD Libraries\AT32_Std_Driver\AT32F4xx_StdPeriph_Driver\src\at32f4xx_acc.o
LOAD Libraries\AT32_Std_Driver\AT32F4xx_StdPeriph_Driver\src\at32f4xx_bkp.o
LOAD Libraries\AT32_Std_Driver\AT32F4xx_StdPeriph_Driver\src\at32f4xx_rtc.o
LOAD Libraries\AT32_Std_Driver\AT32F4xx_StdPeriph_Driver\src\at32f4xx_ertc.o
LOAD Libraries\AT32_Std_Driver\AT32F4xx_StdPeriph_Driver\src\at32f4xx_eth.o
LOAD Libraries\AT32_Std_Driver\AT32F4xx_StdPeriph_Driver\src\at32f4xx_xmc.o
LOAD Libraries\AT32_Std_Driver\AT32F4xx_StdPeriph_Driver\src\at32f4xx_comp.o
LOAD Libraries\AT32_Std_Driver\AT32F4xx_StdPeriph_Driver\src\at32f4xx_dac.o
LOAD Libraries\AT32_Std_Driver\AT32F4xx_StdPeriph_Driver\src\misc.o
LOAD Libraries\rt_drivers\drv_gpio.o
LOAD Libraries\rt_drivers\drv_usart.o
LOAD c:/users/yaxing.chen/downloads/env_released_1.2.0/env/tools/gnu_gcc/arm_gcc/mingw/bin/../lib/gcc/arm-none-eabi/7.3.1/../../../../arm-none-eabi/lib/thumb/v7e-m/fpv4-sp/hard\libc.a
LOAD c:/users/yaxing.chen/downloads/env_released_1.2.0/env/tools/gnu_gcc/arm_gcc/mingw/bin/../lib/gcc/arm-none-eabi/7.3.1/../../../../arm-none-eabi/lib/thumb/v7e-m/fpv4-sp/hard\libm.a
START GROUP
LOAD c:/users/yaxing.chen/downloads/env_released_1.2.0/env/tools/gnu_gcc/arm_gcc/mingw/bin/../lib/gcc/arm-none-eabi/7.3.1/thumb/v7e-m/fpv4-sp/hard\libgcc.a
LOAD c:/users/yaxing.chen/downloads/env_released_1.2.0/env/tools/gnu_gcc/arm_gcc/mingw/bin/../lib/gcc/arm-none-eabi/7.3.1/../../../../arm-none-eabi/lib/thumb/v7e-m/fpv4-sp/hard\libc.a
END GROUP
LOAD c:/users/yaxing.chen/downloads/env_released_1.2.0/env/tools/gnu_gcc/arm_gcc/mingw/bin/../lib/gcc/arm-none-eabi/7.3.1/thumb/v7e-m/fpv4-sp/hard/crtend.o
LOAD c:/users/yaxing.chen/downloads/env_released_1.2.0/env/tools/gnu_gcc/arm_gcc/mingw/bin/../lib/gcc/arm-none-eabi/7.3.1/thumb/v7e-m/fpv4-sp/hard/crtn.o
                0x0000000000000200                _system_stack_size = 0x200

.text           0x0000000008000000    0x1c244
                0x0000000008000000                . = ALIGN (0x4)
                0x0000000008000000                _stext = .
 *(.isr_vector)
 .isr_vector    0x0000000008000000      0x17c Libraries\AT32_Std_Driver\CMSIS\AT32\AT32F4xx\src\gcc\startup_at32f403avgt7.o
                0x0000000008000000                g_pfnVectors
                0x000000000800017c                . = ALIGN (0x4)
 *(.text)
 .text          0x000000000800017c       0x40 c:/users/yaxing.chen/downloads/env_released_1.2.0/env/tools/gnu_gcc/arm_gcc/mingw/bin/../lib/gcc/arm-none-eabi/7.3.1/thumb/v7e-m/fpv4-sp/hard/crtbegin.o
 .text          0x00000000080001bc      0x13c build\kernel\libcpu\arm\cortex-m4\context_gcc.o
                0x00000000080001bc                rt_hw_interrupt_disable
                0x00000000080001c4                rt_hw_interrupt_enable
                0x00000000080001ca                rt_hw_context_switch_interrupt
                0x00000000080001ca                rt_hw_context_switch
                0x00000000080001ea                PendSV_Handler
                0x0000000008000256                rt_hw_context_switch_to
                0x000000000800029c                rt_hw_interrupt_thread_switch
                0x00000000080002a0                HardFault_Handler
 .text          0x00000000080002f8       0x14 c:/users/yaxing.chen/downloads/env_released_1.2.0/env/tools/gnu_gcc/arm_gcc/mingw/bin/../lib/gcc/arm-none-eabi/7.3.1/../../../../arm-none-eabi/lib/thumb/v7e-m/fpv4-sp/hard\libc.a(lib_a-strcmp.o)
                0x00000000080002f8                strcmp
 .text          0x000000000800030c       0x10 c:/users/yaxing.chen/downloads/env_released_1.2.0/env/tools/gnu_gcc/arm_gcc/mingw/bin/../lib/gcc/arm-none-eabi/7.3.1/../../../../arm-none-eabi/lib/thumb/v7e-m/fpv4-sp/hard\libc.a(lib_a-strlen.o)
                0x000000000800030c                strlen
 *fill*         0x000000000800031c        0x4 00000000
 .text          0x0000000008000320       0xa0 c:/users/yaxing.chen/downloads/env_released_1.2.0/env/tools/gnu_gcc/arm_gcc/mingw/bin/../lib/gcc/arm-none-eabi/7.3.1/../../../../arm-none-eabi/lib/thumb/v7e-m/fpv4-sp/hard\libc.a(lib_a-memchr.o)
                0x0000000008000320                memchr
 .text          0x00000000080003c0      0x378 c:/users/yaxing.chen/downloads/env_released_1.2.0/env/tools/gnu_gcc/arm_gcc/mingw/bin/../lib/gcc/arm-none-eabi/7.3.1/thumb/v7e-m/fpv4-sp/hard\libgcc.a(_arm_addsubdf3.o)
                0x00000000080003c0                __aeabi_drsub
                0x00000000080003c8                __aeabi_dsub
                0x00000000080003c8                __subdf3
                0x00000000080003cc                __aeabi_dadd
                0x00000000080003cc                __adddf3
                0x0000000008000644                __floatunsidf
                0x0000000008000644                __aeabi_ui2d
                0x0000000008000664                __floatsidf
                0x0000000008000664                __aeabi_i2d
                0x0000000008000688                __aeabi_f2d
                0x0000000008000688                __extendsfdf2
                0x00000000080006cc                __floatundidf
                0x00000000080006cc                __aeabi_ul2d
                0x00000000080006dc                __floatdidf
                0x00000000080006dc                __aeabi_l2d
 .text          0x0000000008000738      0x424 c:/users/yaxing.chen/downloads/env_released_1.2.0/env/tools/gnu_gcc/arm_gcc/mingw/bin/../lib/gcc/arm-none-eabi/7.3.1/thumb/v7e-m/fpv4-sp/hard\libgcc.a(_arm_muldivdf3.o)
                0x0000000008000738                __aeabi_dmul
                0x0000000008000738                __muldf3
                0x000000000800098c                __divdf3
                0x000000000800098c                __aeabi_ddiv
 .text          0x0000000008000b5c      0x110 c:/users/yaxing.chen/downloads/env_released_1.2.0/env/tools/gnu_gcc/arm_gcc/mingw/bin/../lib/gcc/arm-none-eabi/7.3.1/thumb/v7e-m/fpv4-sp/hard\libgcc.a(_arm_cmpdf2.o)
                0x0000000008000b5c                __gtdf2
                0x0000000008000b5c                __gedf2
                0x0000000008000b64                __ltdf2
                0x0000000008000b64                __ledf2
                0x0000000008000b6c                __nedf2
                0x0000000008000b6c                __eqdf2
                0x0000000008000b6c                __cmpdf2
                0x0000000008000be8                __aeabi_cdrcmple
                0x0000000008000bf8                __aeabi_cdcmpeq
                0x0000000008000bf8                __aeabi_cdcmple
                0x0000000008000c08                __aeabi_dcmpeq
                0x0000000008000c1c                __aeabi_dcmplt
                0x0000000008000c30                __aeabi_dcmple
                0x0000000008000c44                __aeabi_dcmpge
                0x0000000008000c58                __aeabi_dcmpgt
 .text          0x0000000008000c6c       0x2c c:/users/yaxing.chen/downloads/env_released_1.2.0/env/tools/gnu_gcc/arm_gcc/mingw/bin/../lib/gcc/arm-none-eabi/7.3.1/thumb/v7e-m/fpv4-sp/hard\libgcc.a(_arm_unorddf2.o)
                0x0000000008000c6c                __unorddf2
                0x0000000008000c6c                __aeabi_dcmpun
 .text          0x0000000008000c98       0x50 c:/users/yaxing.chen/downloads/env_released_1.2.0/env/tools/gnu_gcc/arm_gcc/mingw/bin/../lib/gcc/arm-none-eabi/7.3.1/thumb/v7e-m/fpv4-sp/hard\libgcc.a(_arm_fixdfsi.o)
                0x0000000008000c98                __aeabi_d2iz
                0x0000000008000c98                __fixdfsi
 .text          0x0000000008000ce8       0xa0 c:/users/yaxing.chen/downloads/env_released_1.2.0/env/tools/gnu_gcc/arm_gcc/mingw/bin/../lib/gcc/arm-none-eabi/7.3.1/thumb/v7e-m/fpv4-sp/hard\libgcc.a(_aeabi_ldivmod.o)
                0x0000000008000ce8                __aeabi_ldivmod
 .text          0x0000000008000d88       0x30 c:/users/yaxing.chen/downloads/env_released_1.2.0/env/tools/gnu_gcc/arm_gcc/mingw/bin/../lib/gcc/arm-none-eabi/7.3.1/thumb/v7e-m/fpv4-sp/hard\libgcc.a(_aeabi_uldivmod.o)
                0x0000000008000d88                __aeabi_uldivmod
 .text          0x0000000008000db8      0x2cc c:/users/yaxing.chen/downloads/env_released_1.2.0/env/tools/gnu_gcc/arm_gcc/mingw/bin/../lib/gcc/arm-none-eabi/7.3.1/thumb/v7e-m/fpv4-sp/hard\libgcc.a(_udivmoddi4.o)
                0x0000000008000db8                __udivmoddi4
 .text          0x0000000008001084        0x4 c:/users/yaxing.chen/downloads/env_released_1.2.0/env/tools/gnu_gcc/arm_gcc/mingw/bin/../lib/gcc/arm-none-eabi/7.3.1/thumb/v7e-m/fpv4-sp/hard\libgcc.a(_dvmd_tls.o)
                0x0000000008001084                __aeabi_idiv0
                0x0000000008001084                __aeabi_ldiv0
 *(.text.*)
 .text.main     0x0000000008001088       0x84 build\applications\main.o
                0x0000000008001088                main
 .text.NVIC_SetPriority
                0x000000000800110c       0x54 build\board\board.o
 .text.SysTick_Config
                0x0000000008001160       0x44 build\board\board.o
 .text.SystemClock_Config
                0x00000000080011a4       0x2c build\board\board.o
                0x00000000080011a4                SystemClock_Config
 .text.SysTick_Handler
                0x00000000080011d0       0x14 build\board\board.o
                0x00000000080011d0                SysTick_Handler
 .text.rt_hw_board_init
                0x00000000080011e4       0x38 build\board\board.o
                0x00000000080011e4                rt_hw_board_init
 .text.at32_msp_usart_init
                0x000000000800121c      0x104 build\board\msp\at32_msp.o
                0x000000000800121c                at32_msp_usart_init
 .text.SystemInit
                0x0000000008001320       0x8c build\board\msp\system_at32f4xx.o
                0x0000000008001320                SystemInit
 .text.SetSysClock
                0x00000000080013ac        0xc build\board\msp\system_at32f4xx.o
 .text.SetSysClockTo240M
                0x00000000080013b8      0x104 build\board\msp\system_at32f4xx.o
 .text.Reset_Handler
                0x00000000080014bc       0x44 Libraries\AT32_Std_Driver\CMSIS\AT32\AT32F4xx\src\gcc\startup_at32f403avgt7.o
                0x00000000080014bc                Reset_Handler
 .text.Default_Handler
                0x0000000008001500        0x2 Libraries\AT32_Std_Driver\CMSIS\AT32\AT32F4xx\src\gcc\startup_at32f403avgt7.o
                0x0000000008001500                SDIO1_IRQHandler
                0x0000000008001500                XMC_IRQHandler
                0x0000000008001500                DebugMon_Handler
                0x0000000008001500                UART8_IRQHandler
                0x0000000008001500                SPI4_IRQHandler
                0x0000000008001500                USB_HP_IRQHandler
                0x0000000008001500                PVD_IRQHandler
                0x0000000008001500                NMI_Handler
                0x0000000008001500                CAN2_RX1_IRQHandler
                0x0000000008001500                TMR5_GLOBAL_IRQHandler
                0x0000000008001500                I2C3_ER_IRQHandler
                0x0000000008001500                TMR8_OV_TMR13_IRQHandler
                0x0000000008001500                I2C2_EV_IRQHandler
                0x0000000008001500                UsageFault_Handler
                0x0000000008001500                SDIO2_IRQHandler
                0x0000000008001500                CAN2_SCE_IRQHandler
                0x0000000008001500                ADC1_2_IRQHandler
                0x0000000008001500                SPI1_IRQHandler
                0x0000000008001500                TAMPER_IRQHandler
                0x0000000008001500                CAN2_RX0_IRQHandler
                0x0000000008001500                DMA2_Channel2_IRQHandler
                0x0000000008001500                DMA1_Channel4_IRQHandler
                0x0000000008001500                TMR1_OV_TMR10_IRQHandler
                0x0000000008001500                USART6_IRQHandler
                0x0000000008001500                TMR1_TRG_COM_TMR11_IRQHandler
                0x0000000008001500                RTC_IRQHandler
                0x0000000008001500                DMA1_Channel7_IRQHandler
                0x0000000008001500                CAN1_RX1_IRQHandler
                0x0000000008001500                UART5_IRQHandler
                0x0000000008001500                ADC3_IRQHandler
                0x0000000008001500                ACC_IRQHandler
                0x0000000008001500                DMA2_Channel1_IRQHandler
                0x0000000008001500                I2C1_EV_IRQHandler
                0x0000000008001500                DMA1_Channel6_IRQHandler
                0x0000000008001500                UART4_IRQHandler
                0x0000000008001500                RCC_IRQHandler
                0x0000000008001500                DMA1_Channel1_IRQHandler
                0x0000000008001500                Default_Handler
                0x0000000008001500                TMR3_GLOBAL_IRQHandler
                0x0000000008001500                TMR7_GLOBAL_IRQHandler
                0x0000000008001500                TMR1_CC_IRQHandler
                0x0000000008001500                CAN2_TX_IRQHandler
                0x0000000008001500                SPI3_I2S3EXT_IRQHandler
                0x0000000008001500                I2C3_EV_IRQHandler
                0x0000000008001500                TMR1_BRK_TMR9_IRQHandler
                0x0000000008001500                TMR8_BRK_TMR12_IRQHandler
                0x0000000008001500                MemManage_Handler
                0x0000000008001500                SVC_Handler
                0x0000000008001500                DMA1_Channel5_IRQHandler
                0x0000000008001500                USB_LP_IRQHandler
                0x0000000008001500                USB_LP_CAN1_RX0_IRQHandler
                0x0000000008001500                TMR4_GLOBAL_IRQHandler
                0x0000000008001500                USB_HP_CAN1_TX_IRQHandler
                0x0000000008001500                DMA2_Channel6_7_IRQHandler
                0x0000000008001500                DMA1_Channel3_IRQHandler
                0x0000000008001500                WWDG_IRQHandler
                0x0000000008001500                TMR8_CC_IRQHandler
                0x0000000008001500                TMR6_GLOBAL_IRQHandler
                0x0000000008001500                RTCAlarm_IRQHandler
                0x0000000008001500                DMA2_Channel4_5_IRQHandler
                0x0000000008001500                UART7_IRQHandler
                0x0000000008001500                I2C2_ER_IRQHandler
                0x0000000008001500                DMA1_Channel2_IRQHandler
                0x0000000008001500                TMR2_GLOBAL_IRQHandler
                0x0000000008001500                CAN1_SCE_IRQHandler
                0x0000000008001500                FLASH_IRQHandler
                0x0000000008001500                SPI2_I2S2EXT_IRQHandler
                0x0000000008001500                BusFault_Handler
                0x0000000008001500                I2C1_ER_IRQHandler
                0x0000000008001500                TMR8_TRG_COM_TMR14_IRQHandler
                0x0000000008001500                USBWakeUp_IRQHandler
                0x0000000008001500                DMA2_Channel3_IRQHandler
 *fill*         0x0000000008001502        0x2 00000000
 .text.rt_tick_get
                0x0000000008001504       0x18 build\kernel\src\clock.o
                0x0000000008001504                rt_tick_get
 .text.rt_tick_increase
                0x000000000800151c       0x58 build\kernel\src\clock.o
                0x000000000800151c                rt_tick_increase
 .text.rt_tick_from_millisecond
                0x0000000008001574       0x78 build\kernel\src\clock.o
                0x0000000008001574                rt_tick_from_millisecond
 .text.rti_start
                0x00000000080015ec       0x10 build\kernel\src\components.o
 .text.rti_board_start
                0x00000000080015fc       0x10 build\kernel\src\components.o
 .text.rti_board_end
                0x000000000800160c       0x10 build\kernel\src\components.o
 .text.rti_end  0x000000000800161c       0x10 build\kernel\src\components.o
 .text.rt_components_board_init
                0x000000000800162c       0x30 build\kernel\src\components.o
                0x000000000800162c                rt_components_board_init
 .text.rt_components_init
                0x000000000800165c       0x30 build\kernel\src\components.o
                0x000000000800165c                rt_components_init
 .text.entry    0x000000000800168c        0xe build\kernel\src\components.o
                0x000000000800168c                entry
 .text.main_thread_entry
                0x000000000800169a       0x18 build\kernel\src\components.o
                0x000000000800169a                main_thread_entry
 *fill*         0x00000000080016b2        0x2 00000000
 .text.rt_application_init
                0x00000000080016b4       0x4c build\kernel\src\components.o
                0x00000000080016b4                rt_application_init
 .text.rtthread_startup
                0x0000000008001700       0x2e build\kernel\src\components.o
                0x0000000008001700                rtthread_startup
 .text.rt_list_init
                0x000000000800172e       0x22 build\kernel\src\device.o
 .text.rt_wqueue_init
                0x0000000008001750       0x38 build\kernel\src\device.o
 .text.rt_device_register
                0x0000000008001788       0x64 build\kernel\src\device.o
                0x0000000008001788                rt_device_register
 .text.rt_device_find
                0x00000000080017ec       0x1a build\kernel\src\device.o
                0x00000000080017ec                rt_device_find
 *fill*         0x0000000008001806        0x2 00000000
 .text.rt_device_open
                0x0000000008001808      0x11c build\kernel\src\device.o
                0x0000000008001808                rt_device_open
 .text.rt_device_close
                0x0000000008001924       0x9c build\kernel\src\device.o
                0x0000000008001924                rt_device_close
 .text.rt_device_read
                0x00000000080019c0       0x88 build\kernel\src\device.o
                0x00000000080019c0                rt_device_read
 .text.rt_device_write
                0x0000000008001a48       0x88 build\kernel\src\device.o
                0x0000000008001a48                rt_device_write
 .text.rt_device_control
                0x0000000008001ad0       0x68 build\kernel\src\device.o
                0x0000000008001ad0                rt_device_control
 .text.rt_device_set_rx_indicate
                0x0000000008001b38       0x54 build\kernel\src\device.o
                0x0000000008001b38                rt_device_set_rx_indicate
 .text.rt_list_remove
                0x0000000008001b8c       0x36 build\kernel\src\idle.o
 *fill*         0x0000000008001bc2        0x2 00000000
 .text._has_defunct_thread
                0x0000000008001bc4       0x2c build\kernel\src\idle.o
 .text.rt_thread_idle_excute
                0x0000000008001bf0       0x88 build\kernel\src\idle.o
                0x0000000008001bf0                rt_thread_idle_excute
 .text.rt_thread_idle_entry
                0x0000000008001c78       0x3c build\kernel\src\idle.o
 .text.rt_thread_idle_init
                0x0000000008001cb4       0x74 build\kernel\src\idle.o
                0x0000000008001cb4                rt_thread_idle_init
 .text.rt_list_init
                0x0000000008001d28       0x22 build\kernel\src\ipc.o
 .text.rt_list_insert_before
                0x0000000008001d4a       0x32 build\kernel\src\ipc.o
 .text.rt_list_isempty
                0x0000000008001d7c       0x24 build\kernel\src\ipc.o
 .text.rt_ipc_object_init
                0x0000000008001da0       0x1c build\kernel\src\ipc.o
 .text.rt_ipc_list_suspend
                0x0000000008001dbc       0x8e build\kernel\src\ipc.o
 .text.rt_ipc_list_resume
                0x0000000008001e4a       0x20 build\kernel\src\ipc.o
 .text.rt_ipc_list_resume_all
                0x0000000008001e6a       0x46 build\kernel\src\ipc.o
 .text.rt_ipc_get_highest_priority
                0x0000000008001eb0       0x46 build\kernel\src\ipc.o
                0x0000000008001eb0                rt_ipc_get_highest_priority
 *fill*         0x0000000008001ef6        0x2 00000000
 .text.rt_sem_init
                0x0000000008001ef8       0x68 build\kernel\src\ipc.o
                0x0000000008001ef8                rt_sem_init
 .text.rt_sem_take
                0x0000000008001f60      0x160 build\kernel\src\ipc.o
                0x0000000008001f60                rt_sem_take
 .text.rt_sem_release
                0x00000000080020c0       0xbc build\kernel\src\ipc.o
                0x00000000080020c0                rt_sem_release
 .text.rt_mutex_init
                0x000000000800217c       0x64 build\kernel\src\ipc.o
                0x000000000800217c                rt_mutex_init
 .text.rt_mutex_create
                0x00000000080021e0       0x88 build\kernel\src\ipc.o
                0x00000000080021e0                rt_mutex_create
 .text.rt_mutex_delete
                0x0000000008002268       0xac build\kernel\src\ipc.o
                0x0000000008002268                rt_mutex_delete
 .text.rt_mutex_take
                0x0000000008002314      0x1ec build\kernel\src\ipc.o
                0x0000000008002314                rt_mutex_take
 .text.rt_mutex_release
                0x0000000008002500      0x1f0 build\kernel\src\ipc.o
                0x0000000008002500                rt_mutex_release
 .text.rt_interrupt_enter
                0x00000000080026f0       0x40 build\kernel\src\irq.o
                0x00000000080026f0                rt_interrupt_enter
 .text.rt_interrupt_leave
                0x0000000008002730       0x40 build\kernel\src\irq.o
                0x0000000008002730                rt_interrupt_leave
 .text.rt_interrupt_get_nest
                0x0000000008002770       0x28 build\kernel\src\irq.o
                0x0000000008002770                rt_interrupt_get_nest
 .text.rt_set_errno
                0x0000000008002798       0x40 build\kernel\src\kservice.o
                0x0000000008002798                rt_set_errno
 .text._rt_errno
                0x00000000080027d8       0x34 build\kernel\src\kservice.o
                0x00000000080027d8                _rt_errno
 .text.rt_memset
                0x000000000800280c       0xb6 build\kernel\src\kservice.o
                0x000000000800280c                rt_memset
 .text.rt_memcpy
                0x00000000080028c2       0xd2 build\kernel\src\kservice.o
                0x00000000080028c2                rt_memcpy
 .text.rt_memmove
                0x0000000008002994       0x82 build\kernel\src\kservice.o
                0x0000000008002994                rt_memmove
 .text.rt_strncpy
                0x0000000008002a16       0x64 build\kernel\src\kservice.o
                0x0000000008002a16                rt_strncpy
 .text.rt_strncmp
                0x0000000008002a7a       0x4a build\kernel\src\kservice.o
                0x0000000008002a7a                rt_strncmp
 .text.rt_strcmp
                0x0000000008002ac4       0x44 build\kernel\src\kservice.o
                0x0000000008002ac4                rt_strcmp
 .text.rt_strlen
                0x0000000008002b08       0x2e build\kernel\src\kservice.o
                0x0000000008002b08                rt_strlen
 .text.rt_strdup
                0x0000000008002b36       0x3a build\kernel\src\kservice.o
                0x0000000008002b36                rt_strdup
 .text.rt_show_version
                0x0000000008002b70       0x44 build\kernel\src\kservice.o
                0x0000000008002b70                rt_show_version
 .text.divide   0x0000000008002bb4       0x68 build\kernel\src\kservice.o
 .text.skip_atoi
                0x0000000008002c1c       0x40 build\kernel\src\kservice.o
 .text.print_number
                0x0000000008002c5c      0x1dc build\kernel\src\kservice.o
 .text.rt_vsnprintf
                0x0000000008002e38      0x548 build\kernel\src\kservice.o
                0x0000000008002e38                rt_vsnprintf
 .text.rt_snprintf
                0x0000000008003380       0x30 build\kernel\src\kservice.o
                0x0000000008003380                rt_snprintf
 .text.rt_vsprintf
                0x00000000080033b0       0x24 build\kernel\src\kservice.o
                0x00000000080033b0                rt_vsprintf
 .text.rt_sprintf
                0x00000000080033d4       0x2c build\kernel\src\kservice.o
                0x00000000080033d4                rt_sprintf
 .text.rt_console_get_device
                0x0000000008003400       0x18 build\kernel\src\kservice.o
                0x0000000008003400                rt_console_get_device
 .text.rt_console_set_device
                0x0000000008003418       0x58 build\kernel\src\kservice.o
                0x0000000008003418                rt_console_set_device
 .text.rt_hw_console_output
                0x0000000008003470       0x14 build\kernel\src\kservice.o
                0x0000000008003470                rt_hw_console_output
 .text.rt_kprintf
                0x0000000008003484       0x80 build\kernel\src\kservice.o
                0x0000000008003484                rt_kprintf
 .text.rt_assert_handler
                0x0000000008003504       0x4c build\kernel\src\kservice.o
                0x0000000008003504                rt_assert_handler
 .text.plug_holes
                0x0000000008003550      0x104 build\kernel\src\mem.o
 .text.rt_system_heap_init
                0x0000000008003654      0x118 build\kernel\src\mem.o
                0x0000000008003654                rt_system_heap_init
 .text.rt_malloc
                0x000000000800376c      0x290 build\kernel\src\mem.o
                0x000000000800376c                rt_malloc
 .text.rt_realloc
                0x00000000080039fc      0x1ac build\kernel\src\mem.o
                0x00000000080039fc                rt_realloc
 .text.rt_calloc
                0x0000000008003ba8       0x3c build\kernel\src\mem.o
                0x0000000008003ba8                rt_calloc
 .text.rt_free  0x0000000008003be4      0x188 build\kernel\src\mem.o
                0x0000000008003be4                rt_free
 .text.list_mem
                0x0000000008003d6c       0x44 build\kernel\src\mem.o
                0x0000000008003d6c                list_mem
 .text.rt_list_insert_after
                0x0000000008003db0       0x32 build\kernel\src\object.o
 .text.rt_list_remove
                0x0000000008003de2       0x36 build\kernel\src\object.o
 .text.rt_object_get_information
                0x0000000008003e18       0x48 build\kernel\src\object.o
                0x0000000008003e18                rt_object_get_information
 .text.rt_object_init
                0x0000000008003e60       0xcc build\kernel\src\object.o
                0x0000000008003e60                rt_object_init
 .text.rt_object_detach
                0x0000000008003f2c       0x5c build\kernel\src\object.o
                0x0000000008003f2c                rt_object_detach
 .text.rt_object_allocate
                0x0000000008003f88       0xd8 build\kernel\src\object.o
                0x0000000008003f88                rt_object_allocate
 .text.rt_object_delete
                0x0000000008004060       0x7c build\kernel\src\object.o
                0x0000000008004060                rt_object_delete
 .text.rt_object_is_systemobject
                0x00000000080040dc       0x3c build\kernel\src\object.o
                0x00000000080040dc                rt_object_is_systemobject
 .text.rt_object_get_type
                0x0000000008004118       0x34 build\kernel\src\object.o
                0x0000000008004118                rt_object_get_type
 .text.rt_object_find
                0x000000000800414c       0xb4 build\kernel\src\object.o
                0x000000000800414c                rt_object_find
 .text.rt_list_init
                0x0000000008004200       0x22 build\kernel\src\scheduler.o
 .text.rt_list_insert_before
                0x0000000008004222       0x32 build\kernel\src\scheduler.o
 .text.rt_list_remove
                0x0000000008004254       0x36 build\kernel\src\scheduler.o
 .text.rt_list_isempty
                0x000000000800428a       0x24 build\kernel\src\scheduler.o
 *fill*         0x00000000080042ae        0x2 00000000
 .text._rt_scheduler_stack_check
                0x00000000080042b0       0x94 build\kernel\src\scheduler.o
 .text._get_highest_priority_thread
                0x0000000008004344       0x38 build\kernel\src\scheduler.o
 .text.rt_system_scheduler_init
                0x000000000800437c       0x40 build\kernel\src\scheduler.o
                0x000000000800437c                rt_system_scheduler_init
 .text.rt_system_scheduler_start
                0x00000000080043bc       0x38 build\kernel\src\scheduler.o
                0x00000000080043bc                rt_system_scheduler_start
 .text.rt_schedule
                0x00000000080043f4      0x188 build\kernel\src\scheduler.o
                0x00000000080043f4                rt_schedule
 .text.rt_schedule_insert_thread
                0x000000000800457c       0xac build\kernel\src\scheduler.o
                0x000000000800457c                rt_schedule_insert_thread
 .text.rt_schedule_remove_thread
                0x0000000008004628       0x70 build\kernel\src\scheduler.o
                0x0000000008004628                rt_schedule_remove_thread
 .text.rt_enter_critical
                0x0000000008004698       0x2c build\kernel\src\scheduler.o
                0x0000000008004698                rt_enter_critical
 .text.rt_exit_critical
                0x00000000080046c4       0x54 build\kernel\src\scheduler.o
                0x00000000080046c4                rt_exit_critical
 .text.rt_list_init
                0x0000000008004718       0x22 build\kernel\src\thread.o
 .text.rt_list_insert_after
                0x000000000800473a       0x32 build\kernel\src\thread.o
 .text.rt_list_remove
                0x000000000800476c       0x36 build\kernel\src\thread.o
 .text._thread_cleanup_execute
                0x00000000080047a2       0x2c build\kernel\src\thread.o
 *fill*         0x00000000080047ce        0x2 00000000
 .text.rt_thread_exit
                0x00000000080047d0       0x68 build\kernel\src\thread.o
                0x00000000080047d0                rt_thread_exit
 .text._rt_thread_init
                0x0000000008004838       0xf8 build\kernel\src\thread.o
 .text.rt_thread_init
                0x0000000008004930       0x70 build\kernel\src\thread.o
                0x0000000008004930                rt_thread_init
 .text.rt_thread_self
                0x00000000080049a0       0x18 build\kernel\src\thread.o
                0x00000000080049a0                rt_thread_self
 .text.rt_thread_startup
                0x00000000080049b8       0xa0 build\kernel\src\thread.o
                0x00000000080049b8                rt_thread_startup
 .text.rt_thread_detach
                0x0000000008004a58       0xd4 build\kernel\src\thread.o
                0x0000000008004a58                rt_thread_detach
 .text.rt_thread_create
                0x0000000008004b2c       0x62 build\kernel\src\thread.o
                0x0000000008004b2c                rt_thread_create
 *fill*         0x0000000008004b8e        0x2 00000000
 .text.rt_thread_delete
                0x0000000008004b90       0xc0 build\kernel\src\thread.o
                0x0000000008004b90                rt_thread_delete
 .text.rt_thread_sleep
                0x0000000008004c50       0x8c build\kernel\src\thread.o
                0x0000000008004c50                rt_thread_sleep
 .text.rt_thread_delay
                0x0000000008004cdc       0x18 build\kernel\src\thread.o
                0x0000000008004cdc                rt_thread_delay
 .text.rt_thread_mdelay
                0x0000000008004cf4       0x20 build\kernel\src\thread.o
                0x0000000008004cf4                rt_thread_mdelay
 .text.rt_thread_control
                0x0000000008004d14       0xe8 build\kernel\src\thread.o
                0x0000000008004d14                rt_thread_control
 .text.rt_thread_suspend
                0x0000000008004dfc       0xcc build\kernel\src\thread.o
                0x0000000008004dfc                rt_thread_suspend
 .text.rt_thread_resume
                0x0000000008004ec8       0x98 build\kernel\src\thread.o
                0x0000000008004ec8                rt_thread_resume
 .text.rt_thread_timeout
                0x0000000008004f60       0x84 build\kernel\src\thread.o
                0x0000000008004f60                rt_thread_timeout
 .text.rt_list_init
                0x0000000008004fe4       0x22 build\kernel\src\timer.o
 .text.rt_list_insert_after
                0x0000000008005006       0x32 build\kernel\src\timer.o
 .text.rt_list_remove
                0x0000000008005038       0x36 build\kernel\src\timer.o
 .text.rt_list_isempty
                0x000000000800506e       0x24 build\kernel\src\timer.o
 .text._rt_timer_init
                0x0000000008005092       0x68 build\kernel\src\timer.o
 .text.rt_timer_list_next_timeout
                0x00000000080050fa       0x3e build\kernel\src\timer.o
 .text._rt_timer_remove
                0x0000000008005138       0x34 build\kernel\src\timer.o
 .text.rt_timer_init
                0x000000000800516c       0x48 build\kernel\src\timer.o
                0x000000000800516c                rt_timer_init
 .text.rt_timer_detach
                0x00000000080051b4       0x88 build\kernel\src\timer.o
                0x00000000080051b4                rt_timer_detach
 .text.rt_timer_start
                0x000000000800523c      0x238 build\kernel\src\timer.o
                0x000000000800523c                rt_timer_start
 .text.rt_timer_stop
                0x0000000008005474       0x94 build\kernel\src\timer.o
                0x0000000008005474                rt_timer_stop
 .text.rt_timer_control
                0x0000000008005508       0xd0 build\kernel\src\timer.o
                0x0000000008005508                rt_timer_control
 .text.rt_timer_check
                0x00000000080055d8      0x108 build\kernel\src\timer.o
                0x00000000080055d8                rt_timer_check
 .text.rt_soft_timer_check
                0x00000000080056e0      0x120 build\kernel\src\timer.o
                0x00000000080056e0                rt_soft_timer_check
 .text.rt_thread_timer_entry
                0x0000000008005800       0x58 build\kernel\src\timer.o
 .text.rt_system_timer_init
                0x0000000008005858       0x34 build\kernel\src\timer.o
                0x0000000008005858                rt_system_timer_init
 .text.rt_system_timer_thread_init
                0x000000000800588c       0x68 build\kernel\src\timer.o
                0x000000000800588c                rt_system_timer_thread_init
 .text.rt_hw_stack_init
                0x00000000080058f4       0x90 build\kernel\libcpu\arm\cortex-m4\cpuport.o
                0x00000000080058f4                rt_hw_stack_init
 .text.usage_fault_track
                0x0000000008005984       0xc4 build\kernel\libcpu\arm\cortex-m4\cpuport.o
 .text.bus_fault_track
                0x0000000008005a48       0xcc build\kernel\libcpu\arm\cortex-m4\cpuport.o
 .text.mem_manage_fault_track
                0x0000000008005b14       0xb4 build\kernel\libcpu\arm\cortex-m4\cpuport.o
 .text.hard_fault_track
                0x0000000008005bc8       0x78 build\kernel\libcpu\arm\cortex-m4\cpuport.o
 .text.rt_hw_hard_fault_exception
                0x0000000008005c40      0x184 build\kernel\libcpu\arm\cortex-m4\cpuport.o
                0x0000000008005c40                rt_hw_hard_fault_exception
 .text.__rt_ffs
                0x0000000008005dc4       0x2a build\kernel\libcpu\arm\cortex-m4\cpuport.o
                0x0000000008005dc4                __rt_ffs
 *fill*         0x0000000008005dee        0x2 00000000
 .text.dfs_init
                0x0000000008005df0       0x9c build\kernel\components\dfs\src\dfs.o
                0x0000000008005df0                dfs_init
 .text.dfs_lock
                0x0000000008005e8c       0x48 build\kernel\components\dfs\src\dfs.o
                0x0000000008005e8c                dfs_lock
 .text.dfs_unlock
                0x0000000008005ed4       0x14 build\kernel\components\dfs\src\dfs.o
                0x0000000008005ed4                dfs_unlock
 .text.fd_alloc
                0x0000000008005ee8      0x110 build\kernel\components\dfs\src\dfs.o
 .text.fd_new   0x0000000008005ff8       0x78 build\kernel\components\dfs\src\dfs.o
                0x0000000008005ff8                fd_new
 .text.fd_get   0x0000000008006070       0x80 build\kernel\components\dfs\src\dfs.o
                0x0000000008006070                fd_get
 .text.fd_put   0x00000000080060f0       0x88 build\kernel\components\dfs\src\dfs.o
                0x00000000080060f0                fd_put
 .text.fd_is_open
                0x0000000008006178       0xe6 build\kernel\components\dfs\src\dfs.o
                0x0000000008006178                fd_is_open
 .text.dfs_subdir
                0x000000000800625e       0x50 build\kernel\components\dfs\src\dfs.o
                0x000000000800625e                dfs_subdir
 *fill*         0x00000000080062ae        0x2 00000000
 .text.dfs_normalize_path
                0x00000000080062b0      0x208 build\kernel\components\dfs\src\dfs.o
                0x00000000080062b0                dfs_normalize_path
 .text.dfs_fdtable_get
                0x00000000080064b8       0x1c build\kernel\components\dfs\src\dfs.o
                0x00000000080064b8                dfs_fdtable_get
 .text.list_fd  0x00000000080064d4      0x148 build\kernel\components\dfs\src\dfs.o
                0x00000000080064d4                list_fd
 .text.dfs_file_open
                0x000000000800661c      0x148 build\kernel\components\dfs\src\dfs_file.o
                0x000000000800661c                dfs_file_open
 .text.dfs_file_close
                0x0000000008006764       0x52 build\kernel\components\dfs\src\dfs_file.o
                0x0000000008006764                dfs_file_close
 .text.dfs_file_read
                0x00000000080067b6       0x58 build\kernel\components\dfs\src\dfs_file.o
                0x00000000080067b6                dfs_file_read
 .text.dfs_file_getdents
                0x000000000800680e       0x48 build\kernel\components\dfs\src\dfs_file.o
                0x000000000800680e                dfs_file_getdents
 *fill*         0x0000000008006856        0x2 00000000
 .text.dfs_file_unlink
                0x0000000008006858       0xcc build\kernel\components\dfs\src\dfs_file.o
                0x0000000008006858                dfs_file_unlink
 .text.dfs_file_write
                0x0000000008006924       0x40 build\kernel\components\dfs\src\dfs_file.o
                0x0000000008006924                dfs_file_write
 .text.dfs_file_lseek
                0x0000000008006964       0x4a build\kernel\components\dfs\src\dfs_file.o
                0x0000000008006964                dfs_file_lseek
 *fill*         0x00000000080069ae        0x2 00000000
 .text.dfs_file_stat
                0x00000000080069b0      0x134 build\kernel\components\dfs\src\dfs_file.o
                0x00000000080069b0                dfs_file_stat
 .text.dfs_file_rename
                0x0000000008006ae4       0xda build\kernel\components\dfs\src\dfs_file.o
                0x0000000008006ae4                dfs_file_rename
 *fill*         0x0000000008006bbe        0x2 00000000
 .text.ls       0x0000000008006bc0      0x120 build\kernel\components\dfs\src\dfs_file.o
                0x0000000008006bc0                ls
 .text.rm       0x0000000008006ce0       0x28 build\kernel\components\dfs\src\dfs_file.o
                0x0000000008006ce0                rm
 .text.cat      0x0000000008006d08       0x74 build\kernel\components\dfs\src\dfs_file.o
                0x0000000008006d08                cat
 .text.copyfile
                0x0000000008006d7c       0xe0 build\kernel\components\dfs\src\dfs_file.o
 .text.copydir  0x0000000008006e5c      0x18c build\kernel\components\dfs\src\dfs_file.o
 .text._get_path_lastname
                0x0000000008006fe8       0x2c build\kernel\components\dfs\src\dfs_file.o
 .text.copy     0x0000000008007014      0x15c build\kernel\components\dfs\src\dfs_file.o
                0x0000000008007014                copy
 .text.dfs_register
                0x0000000008007170       0xc0 build\kernel\components\dfs\src\dfs_fs.o
                0x0000000008007170                dfs_register
 .text.dfs_filesystem_lookup
                0x0000000008007230       0xc4 build\kernel\components\dfs\src\dfs_fs.o
                0x0000000008007230                dfs_filesystem_lookup
 .text.dfs_mount
                0x00000000080072f4      0x244 build\kernel\components\dfs\src\dfs_fs.o
                0x00000000080072f4                dfs_mount
 .text.dfs_mkfs
                0x0000000008007538      0x104 build\kernel\components\dfs\src\dfs_fs.o
                0x0000000008007538                dfs_mkfs
 .text.dfs_statfs
                0x000000000800763c       0x3e build\kernel\components\dfs\src\dfs_fs.o
                0x000000000800763c                dfs_statfs
 .text.mkfs     0x000000000800767a       0x1a build\kernel\components\dfs\src\dfs_fs.o
                0x000000000800767a                mkfs
 .text.df       0x0000000008007694      0x1b8 build\kernel\components\dfs\src\dfs_fs.o
                0x0000000008007694                df
 .text.open     0x000000000800784c       0x6c build\kernel\components\dfs\src\dfs_posix.o
                0x000000000800784c                open
 .text.close    0x00000000080078b8       0x54 build\kernel\components\dfs\src\dfs_posix.o
                0x00000000080078b8                close
 .text.read     0x000000000800790c       0x5c build\kernel\components\dfs\src\dfs_posix.o
                0x000000000800790c                read
 .text.write    0x0000000008007968       0x5c build\kernel\components\dfs\src\dfs_posix.o
                0x0000000008007968                write
 .text.lseek    0x00000000080079c4       0xb2 build\kernel\components\dfs\src\dfs_posix.o
                0x00000000080079c4                lseek
 .text.rename   0x0000000008007a76       0x30 build\kernel\components\dfs\src\dfs_posix.o
                0x0000000008007a76                rename
 .text.unlink   0x0000000008007aa6       0x2c build\kernel\components\dfs\src\dfs_posix.o
                0x0000000008007aa6                unlink
 .text.stat     0x0000000008007ad2       0x30 build\kernel\components\dfs\src\dfs_posix.o
                0x0000000008007ad2                stat
 *fill*         0x0000000008007b02        0x2 00000000
 .text.mkdir    0x0000000008007b04       0x78 build\kernel\components\dfs\src\dfs_posix.o
                0x0000000008007b04                mkdir
 .text.opendir  0x0000000008007b7c       0x98 build\kernel\components\dfs\src\dfs_posix.o
                0x0000000008007b7c                opendir
 .text.readdir  0x0000000008007c14       0xbc build\kernel\components\dfs\src\dfs_posix.o
                0x0000000008007c14                readdir
 .text.rewinddir
                0x0000000008007cd0       0x52 build\kernel\components\dfs\src\dfs_posix.o
                0x0000000008007cd0                rewinddir
 .text.closedir
                0x0000000008007d22       0x5e build\kernel\components\dfs\src\dfs_posix.o
                0x0000000008007d22                closedir
 .text.chdir    0x0000000008007d80       0xac build\kernel\components\dfs\src\dfs_posix.o
                0x0000000008007d80                chdir
 .text.getcwd   0x0000000008007e2c       0x2c build\kernel\components\dfs\src\dfs_posix.o
                0x0000000008007e2c                getcwd
 .text.dfs_device_fs_mount
                0x0000000008007e58       0x1a build\kernel\components\dfs\filesystems\devfs\devfs.o
                0x0000000008007e58                dfs_device_fs_mount
 *fill*         0x0000000008007e72        0x2 00000000
 .text.dfs_device_fs_ioctl
                0x0000000008007e74       0x60 build\kernel\components\dfs\filesystems\devfs\devfs.o
                0x0000000008007e74                dfs_device_fs_ioctl
 .text.dfs_device_fs_read
                0x0000000008007ed4       0x68 build\kernel\components\dfs\filesystems\devfs\devfs.o
                0x0000000008007ed4                dfs_device_fs_read
 .text.dfs_device_fs_write
                0x0000000008007f3c       0x68 build\kernel\components\dfs\filesystems\devfs\devfs.o
                0x0000000008007f3c                dfs_device_fs_write
 .text.dfs_device_fs_close
                0x0000000008007fa4       0x8c build\kernel\components\dfs\filesystems\devfs\devfs.o
                0x0000000008007fa4                dfs_device_fs_close
 .text.dfs_device_fs_open
                0x0000000008008030      0x178 build\kernel\components\dfs\filesystems\devfs\devfs.o
                0x0000000008008030                dfs_device_fs_open
 .text.dfs_device_fs_stat
                0x00000000080081a8       0xf2 build\kernel\components\dfs\filesystems\devfs\devfs.o
                0x00000000080081a8                dfs_device_fs_stat
 *fill*         0x000000000800829a        0x2 00000000
 .text.dfs_device_fs_getdents
                0x000000000800829c       0xdc build\kernel\components\dfs\filesystems\devfs\devfs.o
                0x000000000800829c                dfs_device_fs_getdents
 .text.dfs_device_fs_poll
                0x0000000008008378       0x1c build\kernel\components\dfs\filesystems\devfs\devfs.o
 .text.devfs_init
                0x0000000008008394       0x14 build\kernel\components\dfs\filesystems\devfs\devfs.o
                0x0000000008008394                devfs_init
 .text.elm_result_to_dfs
                0x00000000080083a8       0xa0 build\kernel\components\dfs\filesystems\elmfat\dfs_elm.o
 .text.get_disk
                0x0000000008008448       0x40 build\kernel\components\dfs\filesystems\elmfat\dfs_elm.o
 .text.dfs_elm_mount
                0x0000000008008488      0x164 build\kernel\components\dfs\filesystems\elmfat\dfs_elm.o
                0x0000000008008488                dfs_elm_mount
 .text.dfs_elm_unmount
                0x00000000080085ec       0xa8 build\kernel\components\dfs\filesystems\elmfat\dfs_elm.o
                0x00000000080085ec                dfs_elm_unmount
 .text.dfs_elm_mkfs
                0x0000000008008694      0x168 build\kernel\components\dfs\filesystems\elmfat\dfs_elm.o
                0x0000000008008694                dfs_elm_mkfs
 .text.dfs_elm_statfs
                0x00000000080087fc       0xb8 build\kernel\components\dfs\filesystems\elmfat\dfs_elm.o
                0x00000000080087fc                dfs_elm_statfs
 .text.dfs_elm_open
                0x00000000080088b4      0x1f8 build\kernel\components\dfs\filesystems\elmfat\dfs_elm.o
                0x00000000080088b4                dfs_elm_open
 .text.dfs_elm_close
                0x0000000008008aac       0x88 build\kernel\components\dfs\filesystems\elmfat\dfs_elm.o
                0x0000000008008aac                dfs_elm_close
 .text.dfs_elm_ioctl
                0x0000000008008b34       0x90 build\kernel\components\dfs\filesystems\elmfat\dfs_elm.o
                0x0000000008008b34                dfs_elm_ioctl
 .text.dfs_elm_read
                0x0000000008008bc4       0x74 build\kernel\components\dfs\filesystems\elmfat\dfs_elm.o
                0x0000000008008bc4                dfs_elm_read
 .text.dfs_elm_write
                0x0000000008008c38       0x7c build\kernel\components\dfs\filesystems\elmfat\dfs_elm.o
                0x0000000008008c38                dfs_elm_write
 .text.dfs_elm_flush
                0x0000000008008cb4       0x44 build\kernel\components\dfs\filesystems\elmfat\dfs_elm.o
                0x0000000008008cb4                dfs_elm_flush
 .text.dfs_elm_lseek
                0x0000000008008cf8       0xbc build\kernel\components\dfs\filesystems\elmfat\dfs_elm.o
                0x0000000008008cf8                dfs_elm_lseek
 .text.dfs_elm_getdents
                0x0000000008008db4      0x1a0 build\kernel\components\dfs\filesystems\elmfat\dfs_elm.o
                0x0000000008008db4                dfs_elm_getdents
 .text.dfs_elm_unlink
                0x0000000008008f54       0x70 build\kernel\components\dfs\filesystems\elmfat\dfs_elm.o
                0x0000000008008f54                dfs_elm_unlink
 .text.dfs_elm_rename
                0x0000000008008fc4       0x78 build\kernel\components\dfs\filesystems\elmfat\dfs_elm.o
                0x0000000008008fc4                dfs_elm_rename
 .text.dfs_elm_stat
                0x000000000800903c      0x20c build\kernel\components\dfs\filesystems\elmfat\dfs_elm.o
                0x000000000800903c                dfs_elm_stat
 .text.elm_init
                0x0000000008009248       0x14 build\kernel\components\dfs\filesystems\elmfat\dfs_elm.o
                0x0000000008009248                elm_init
 .text.disk_initialize
                0x000000000800925c       0x18 build\kernel\components\dfs\filesystems\elmfat\dfs_elm.o
                0x000000000800925c                disk_initialize
 .text.disk_status
                0x0000000008009274       0x18 build\kernel\components\dfs\filesystems\elmfat\dfs_elm.o
                0x0000000008009274                disk_status
 .text.disk_read
                0x000000000800928c       0x44 build\kernel\components\dfs\filesystems\elmfat\dfs_elm.o
                0x000000000800928c                disk_read
 .text.disk_write
                0x00000000080092d0       0x44 build\kernel\components\dfs\filesystems\elmfat\dfs_elm.o
                0x00000000080092d0                disk_write
 .text.disk_ioctl
                0x0000000008009314       0xe4 build\kernel\components\dfs\filesystems\elmfat\dfs_elm.o
                0x0000000008009314                disk_ioctl
 .text.get_fattime
                0x00000000080093f8       0x6a build\kernel\components\dfs\filesystems\elmfat\dfs_elm.o
                0x00000000080093f8                get_fattime
 *fill*         0x0000000008009462        0x2 00000000
 .text.ff_cre_syncobj
                0x0000000008009464       0x48 build\kernel\components\dfs\filesystems\elmfat\dfs_elm.o
                0x0000000008009464                ff_cre_syncobj
 .text.ff_del_syncobj
                0x00000000080094ac       0x1e build\kernel\components\dfs\filesystems\elmfat\dfs_elm.o
                0x00000000080094ac                ff_del_syncobj
 .text.ff_req_grant
                0x00000000080094ca       0x26 build\kernel\components\dfs\filesystems\elmfat\dfs_elm.o
                0x00000000080094ca                ff_req_grant
 .text.ff_rel_grant
                0x00000000080094f0       0x16 build\kernel\components\dfs\filesystems\elmfat\dfs_elm.o
                0x00000000080094f0                ff_rel_grant
 .text.ff_memalloc
                0x0000000008009506       0x18 build\kernel\components\dfs\filesystems\elmfat\dfs_elm.o
                0x0000000008009506                ff_memalloc
 .text.ff_memfree
                0x000000000800951e       0x16 build\kernel\components\dfs\filesystems\elmfat\dfs_elm.o
                0x000000000800951e                ff_memfree
 .text.ld_word  0x0000000008009534       0x30 build\kernel\components\dfs\filesystems\elmfat\ff.o
 .text.ld_dword
                0x0000000008009564       0x46 build\kernel\components\dfs\filesystems\elmfat\ff.o
 .text.st_word  0x00000000080095aa       0x36 build\kernel\components\dfs\filesystems\elmfat\ff.o
 .text.st_dword
                0x00000000080095e0       0x58 build\kernel\components\dfs\filesystems\elmfat\ff.o
 .text.mem_cpy  0x0000000008009638       0x42 build\kernel\components\dfs\filesystems\elmfat\ff.o
 .text.mem_set  0x000000000800967a       0x34 build\kernel\components\dfs\filesystems\elmfat\ff.o
 .text.mem_cmp  0x00000000080096ae       0x4e build\kernel\components\dfs\filesystems\elmfat\ff.o
 .text.chk_chr  0x00000000080096fc       0x36 build\kernel\components\dfs\filesystems\elmfat\ff.o
 .text.dbc_1st  0x0000000008009732       0x22 build\kernel\components\dfs\filesystems\elmfat\ff.o
 .text.dbc_2nd  0x0000000008009754       0x22 build\kernel\components\dfs\filesystems\elmfat\ff.o
 .text.tchar2uni
                0x0000000008009776       0x8a build\kernel\components\dfs\filesystems\elmfat\ff.o
 .text.put_utf  0x0000000008009800       0x70 build\kernel\components\dfs\filesystems\elmfat\ff.o
 .text.lock_fs  0x0000000008009870       0x1c build\kernel\components\dfs\filesystems\elmfat\ff.o
 .text.unlock_fs
                0x000000000800988c       0x36 build\kernel\components\dfs\filesystems\elmfat\ff.o
 .text.sync_window
                0x00000000080098c2       0x78 build\kernel\components\dfs\filesystems\elmfat\ff.o
 .text.move_window
                0x000000000800993a       0x5a build\kernel\components\dfs\filesystems\elmfat\ff.o
 .text.sync_fs  0x0000000008009994       0xdc build\kernel\components\dfs\filesystems\elmfat\ff.o
 .text.clst2sect
                0x0000000008009a70       0x3e build\kernel\components\dfs\filesystems\elmfat\ff.o
 .text.get_fat  0x0000000008009aae      0x14a build\kernel\components\dfs\filesystems\elmfat\ff.o
 .text.put_fat  0x0000000008009bf8      0x1ce build\kernel\components\dfs\filesystems\elmfat\ff.o
 .text.remove_chain
                0x0000000008009dc6       0xca build\kernel\components\dfs\filesystems\elmfat\ff.o
 .text.create_chain
                0x0000000008009e90      0x1a2 build\kernel\components\dfs\filesystems\elmfat\ff.o
 .text.clmt_clust
                0x000000000800a032       0x68 build\kernel\components\dfs\filesystems\elmfat\ff.o
 .text.dir_clear
                0x000000000800a09a      0x11e build\kernel\components\dfs\filesystems\elmfat\ff.o
 .text.dir_sdi  0x000000000800a1b8       0xf6 build\kernel\components\dfs\filesystems\elmfat\ff.o
 .text.dir_next
                0x000000000800a2ae      0x12c build\kernel\components\dfs\filesystems\elmfat\ff.o
 .text.dir_alloc
                0x000000000800a3da       0x8e build\kernel\components\dfs\filesystems\elmfat\ff.o
 .text.ld_clust
                0x000000000800a468       0x3e build\kernel\components\dfs\filesystems\elmfat\ff.o
 .text.st_clust
                0x000000000800a4a6       0x40 build\kernel\components\dfs\filesystems\elmfat\ff.o
 *fill*         0x000000000800a4e6        0x2 00000000
 .text.cmp_lfn  0x000000000800a4e8       0xdc build\kernel\components\dfs\filesystems\elmfat\ff.o
 .text.pick_lfn
                0x000000000800a5c4       0xcc build\kernel\components\dfs\filesystems\elmfat\ff.o
 .text.put_lfn  0x000000000800a690       0xd0 build\kernel\components\dfs\filesystems\elmfat\ff.o
 .text.gen_numname
                0x000000000800a760      0x146 build\kernel\components\dfs\filesystems\elmfat\ff.o
 .text.sum_sfn  0x000000000800a8a6       0x42 build\kernel\components\dfs\filesystems\elmfat\ff.o
 .text.dir_read
                0x000000000800a8e8      0x14e build\kernel\components\dfs\filesystems\elmfat\ff.o
 .text.dir_find
                0x000000000800aa36      0x180 build\kernel\components\dfs\filesystems\elmfat\ff.o
 *fill*         0x000000000800abb6        0x2 00000000
 .text.dir_register
                0x000000000800abb8      0x1f0 build\kernel\components\dfs\filesystems\elmfat\ff.o
 .text.dir_remove
                0x000000000800ada8       0x94 build\kernel\components\dfs\filesystems\elmfat\ff.o
 .text.get_fileinfo
                0x000000000800ae3c      0x22e build\kernel\components\dfs\filesystems\elmfat\ff.o
 *fill*         0x000000000800b06a        0x2 00000000
 .text.create_name
                0x000000000800b06c      0x3b0 build\kernel\components\dfs\filesystems\elmfat\ff.o
 .text.follow_path
                0x000000000800b41c       0xde build\kernel\components\dfs\filesystems\elmfat\ff.o
 .text.get_ldnumber
                0x000000000800b4fa       0x8a build\kernel\components\dfs\filesystems\elmfat\ff.o
 .text.check_fs
                0x000000000800b584      0x118 build\kernel\components\dfs\filesystems\elmfat\ff.o
 .text.find_volume
                0x000000000800b69c       0xc4 build\kernel\components\dfs\filesystems\elmfat\ff.o
 .text.mount_volume
                0x000000000800b760      0x40c build\kernel\components\dfs\filesystems\elmfat\ff.o
 .text.validate
                0x000000000800bb6c       0x8e build\kernel\components\dfs\filesystems\elmfat\ff.o
 *fill*         0x000000000800bbfa        0x2 00000000
 .text.f_mount  0x000000000800bbfc       0xbc build\kernel\components\dfs\filesystems\elmfat\ff.o
                0x000000000800bbfc                f_mount
 .text.f_open   0x000000000800bcb8      0x344 build\kernel\components\dfs\filesystems\elmfat\ff.o
                0x000000000800bcb8                f_open
 .text.f_read   0x000000000800bffc      0x2dc build\kernel\components\dfs\filesystems\elmfat\ff.o
                0x000000000800bffc                f_read
 .text.f_write  0x000000000800c2d8      0x348 build\kernel\components\dfs\filesystems\elmfat\ff.o
                0x000000000800c2d8                f_write
 .text.f_sync   0x000000000800c620      0x112 build\kernel\components\dfs\filesystems\elmfat\ff.o
                0x000000000800c620                f_sync
 .text.f_close  0x000000000800c732       0x4a build\kernel\components\dfs\filesystems\elmfat\ff.o
                0x000000000800c732                f_close
 .text.f_lseek  0x000000000800c77c      0x4a6 build\kernel\components\dfs\filesystems\elmfat\ff.o
                0x000000000800c77c                f_lseek
 .text.f_opendir
                0x000000000800cc22       0xe8 build\kernel\components\dfs\filesystems\elmfat\ff.o
                0x000000000800cc22                f_opendir
 .text.f_readdir
                0x000000000800cd0a       0xb0 build\kernel\components\dfs\filesystems\elmfat\ff.o
                0x000000000800cd0a                f_readdir
 .text.f_seekdir
                0x000000000800cdba       0x5e build\kernel\components\dfs\filesystems\elmfat\ff.o
                0x000000000800cdba                f_seekdir
 .text.f_stat   0x000000000800ce18       0xaa build\kernel\components\dfs\filesystems\elmfat\ff.o
                0x000000000800ce18                f_stat
 .text.f_getfree
                0x000000000800cec2      0x178 build\kernel\components\dfs\filesystems\elmfat\ff.o
                0x000000000800cec2                f_getfree
 .text.f_truncate
                0x000000000800d03a      0x156 build\kernel\components\dfs\filesystems\elmfat\ff.o
                0x000000000800d03a                f_truncate
 .text.f_unlink
                0x000000000800d190      0x174 build\kernel\components\dfs\filesystems\elmfat\ff.o
                0x000000000800d190                f_unlink
 .text.f_mkdir  0x000000000800d304      0x1d2 build\kernel\components\dfs\filesystems\elmfat\ff.o
                0x000000000800d304                f_mkdir
 .text.f_rename
                0x000000000800d4d6      0x234 build\kernel\components\dfs\filesystems\elmfat\ff.o
                0x000000000800d4d6                f_rename
 *fill*         0x000000000800d70a        0x2 00000000
 .text.create_partition
                0x000000000800d70c      0x248 build\kernel\components\dfs\filesystems\elmfat\ff.o
 .text.f_mkfs   0x000000000800d954      0x934 build\kernel\components\dfs\filesystems\elmfat\ff.o
                0x000000000800d954                f_mkfs
 .text.elm_get_vol
                0x000000000800e288       0x40 build\kernel\components\dfs\filesystems\elmfat\ff.o
                0x000000000800e288                elm_get_vol
 .text.ff_uni2oem
                0x000000000800e2c8       0x74 build\kernel\components\dfs\filesystems\elmfat\ffunicode.o
                0x000000000800e2c8                ff_uni2oem
 .text.ff_oem2uni
                0x000000000800e33c       0x58 build\kernel\components\dfs\filesystems\elmfat\ffunicode.o
                0x000000000800e33c                ff_oem2uni
 .text.ff_wtoupper
                0x000000000800e394      0x124 build\kernel\components\dfs\filesystems\elmfat\ffunicode.o
                0x000000000800e394                ff_wtoupper
 .text._pin_read
                0x000000000800e4b8       0x60 build\kernel\components\drivers\misc\pin.o
 .text._pin_write
                0x000000000800e518       0x5c build\kernel\components\drivers\misc\pin.o
 .text._pin_control
                0x000000000800e574       0x58 build\kernel\components\drivers\misc\pin.o
 .text.rt_device_pin_register
                0x000000000800e5cc       0x74 build\kernel\components\drivers\misc\pin.o
                0x000000000800e5cc                rt_device_pin_register
 .text.rt_pin_mode
                0x000000000800e640       0x40 build\kernel\components\drivers\misc\pin.o
                0x000000000800e640                rt_pin_mode
 .text.rt_pin_write
                0x000000000800e680       0x40 build\kernel\components\drivers\misc\pin.o
                0x000000000800e680                rt_pin_write
 .text.rt_pin_read
                0x000000000800e6c0       0x3c build\kernel\components\drivers\misc\pin.o
                0x000000000800e6c0                rt_pin_read
 .text.rt_pin_get
                0x000000000800e6fc       0x60 build\kernel\components\drivers\misc\pin.o
                0x000000000800e6fc                rt_pin_get
 .text.rt_poll_add
                0x000000000800e75c       0x30 build\kernel\components\drivers\serial\serial.o
 .text.serial_fops_rx_ind
                0x000000000800e78c       0x20 build\kernel\components\drivers\serial\serial.o
 .text.serial_fops_open
                0x000000000800e7ac       0xbc build\kernel\components\drivers\serial\serial.o
 .text.serial_fops_close
                0x000000000800e868       0x26 build\kernel\components\drivers\serial\serial.o
 *fill*         0x000000000800e88e        0x2 00000000
 .text.serial_fops_ioctl
                0x000000000800e890       0x40 build\kernel\components\drivers\serial\serial.o
 .text.serial_fops_read
                0x000000000800e8d0       0x62 build\kernel\components\drivers\serial\serial.o
 .text.serial_fops_write
                0x000000000800e932       0x2a build\kernel\components\drivers\serial\serial.o
 .text.serial_fops_poll
                0x000000000800e95c       0x9c build\kernel\components\drivers\serial\serial.o
 .text._serial_poll_rx
                0x000000000800e9f8       0x80 build\kernel\components\drivers\serial\serial.o
 .text._serial_poll_tx
                0x000000000800ea78       0x7c build\kernel\components\drivers\serial\serial.o
 .text._serial_int_rx
                0x000000000800eaf4       0xd8 build\kernel\components\drivers\serial\serial.o
 .text._serial_int_tx
                0x000000000800ebcc       0xc4 build\kernel\components\drivers\serial\serial.o
 .text._serial_check_buffer_size
                0x000000000800ec90       0x38 build\kernel\components\drivers\serial\serial.o
 .text._serial_fifo_calc_recved_len
                0x000000000800ecc8       0x88 build\kernel\components\drivers\serial\serial.o
 .text.rt_serial_init
                0x000000000800ed50       0x5c build\kernel\components\drivers\serial\serial.o
 .text.rt_serial_open
                0x000000000800edac      0x20c build\kernel\components\drivers\serial\serial.o
 .text.rt_serial_close
                0x000000000800efb8       0xe0 build\kernel\components\drivers\serial\serial.o
 .text.rt_serial_read
                0x000000000800f098       0x68 build\kernel\components\drivers\serial\serial.o
 .text.rt_serial_write
                0x000000000800f100       0x68 build\kernel\components\drivers\serial\serial.o
 .text.rt_serial_control
                0x000000000800f168      0x100 build\kernel\components\drivers\serial\serial.o
 .text.rt_hw_serial_register
                0x000000000800f268       0xa4 build\kernel\components\drivers\serial\serial.o
                0x000000000800f268                rt_hw_serial_register
 .text.rt_hw_serial_isr
                0x000000000800f30c      0x14c build\kernel\components\drivers\serial\serial.o
                0x000000000800f30c                rt_hw_serial_isr
 .text.rt_list_init
                0x000000000800f458       0x22 build\kernel\components\drivers\src\completion.o
 .text.rt_list_insert_before
                0x000000000800f47a       0x32 build\kernel\components\drivers\src\completion.o
 .text.rt_list_isempty
                0x000000000800f4ac       0x24 build\kernel\components\drivers\src\completion.o
 .text.rt_completion_init
                0x000000000800f4d0       0x44 build\kernel\components\drivers\src\completion.o
                0x000000000800f4d0                rt_completion_init
 .text.rt_completion_wait
                0x000000000800f514       0xfc build\kernel\components\drivers\src\completion.o
                0x000000000800f514                rt_completion_wait
 .text.rt_completion_done
                0x000000000800f610       0x70 build\kernel\components\drivers\src\completion.o
                0x000000000800f610                rt_completion_done
 .text.rt_list_init
                0x000000000800f680       0x22 build\kernel\components\drivers\src\waitqueue.o
 .text.rt_list_insert_before
                0x000000000800f6a2       0x32 build\kernel\components\drivers\src\waitqueue.o
 .text.rt_list_remove
                0x000000000800f6d4       0x36 build\kernel\components\drivers\src\waitqueue.o
 .text.rt_list_isempty
                0x000000000800f70a       0x24 build\kernel\components\drivers\src\waitqueue.o
 .text.rt_wqueue_add
                0x000000000800f72e       0x2e build\kernel\components\drivers\src\waitqueue.o
                0x000000000800f72e                rt_wqueue_add
 .text.rt_wqueue_remove
                0x000000000800f75c       0x26 build\kernel\components\drivers\src\waitqueue.o
                0x000000000800f75c                rt_wqueue_remove
 .text.__wqueue_default_wake
                0x000000000800f782       0x18 build\kernel\components\drivers\src\waitqueue.o
                0x000000000800f782                __wqueue_default_wake
 .text.rt_wqueue_wakeup
                0x000000000800f79a       0x80 build\kernel\components\drivers\src\waitqueue.o
                0x000000000800f79a                rt_wqueue_wakeup
 *fill*         0x000000000800f81a        0x2 00000000
 .text.rt_wqueue_wait
                0x000000000800f81c       0xf8 build\kernel\components\drivers\src\waitqueue.o
                0x000000000800f81c                rt_wqueue_wait
 .text.finsh_get_prompt
                0x000000000800f914       0xc0 build\kernel\components\finsh\shell.o
                0x000000000800f914                finsh_get_prompt
 .text.finsh_set_prompt_mode
                0x000000000800f9d4       0x48 build\kernel\components\finsh\shell.o
                0x000000000800f9d4                finsh_set_prompt_mode
 .text.finsh_getchar
                0x000000000800fa1c        0xe build\kernel\components\finsh\shell.o
 *fill*         0x000000000800fa2a        0x2 00000000
 .text.shell_auto_complete
                0x000000000800fa2c       0x40 build\kernel\components\finsh\shell.o
 .text.shell_handle_history
                0x000000000800fa6c       0x34 build\kernel\components\finsh\shell.o
 .text.shell_push_history
                0x000000000800faa0      0x15e build\kernel\components\finsh\shell.o
 *fill*         0x000000000800fbfe        0x2 00000000
 .text.finsh_thread_entry
                0x000000000800fc00      0x5b8 build\kernel\components\finsh\shell.o
                0x000000000800fc00                finsh_thread_entry
 .text.finsh_system_function_init
                0x00000000080101b8       0x2c build\kernel\components\finsh\shell.o
                0x00000000080101b8                finsh_system_function_init
 .text.finsh_system_var_init
                0x00000000080101e4       0x2c build\kernel\components\finsh\shell.o
                0x00000000080101e4                finsh_system_var_init
 .text.finsh_system_init
                0x0000000008010210       0xac build\kernel\components\finsh\shell.o
                0x0000000008010210                finsh_system_init
 .text.rt_list_isempty
                0x00000000080102bc       0x24 build\kernel\components\finsh\cmd.o
 .text.rt_list_len
                0x00000000080102e0       0x36 build\kernel\components\finsh\cmd.o
 *fill*         0x0000000008010316        0x2 00000000
 .text.hello    0x0000000008010318       0x14 build\kernel\components\finsh\cmd.o
                0x0000000008010318                hello
 .text.clear    0x000000000801032c       0x14 build\kernel\components\finsh\cmd.o
 .text.version  0x0000000008010340        0xe build\kernel\components\finsh\cmd.o
                0x0000000008010340                version
 *fill*         0x000000000801034e        0x2 00000000
 .text.object_split
                0x0000000008010350       0x28 build\kernel\components\finsh\cmd.o
 .text.list_find_init
                0x0000000008010378       0x46 build\kernel\components\finsh\cmd.o
 .text.list_get_next
                0x00000000080103be       0xc6 build\kernel\components\finsh\cmd.o
 .text.list_thread
                0x0000000008010484      0x208 build\kernel\components\finsh\cmd.o
                0x0000000008010484                list_thread
 .text.show_wait_queue
                0x000000000801068c       0x50 build\kernel\components\finsh\cmd.o
 .text.list_sem
                0x00000000080106dc      0x12c build\kernel\components\finsh\cmd.o
                0x00000000080106dc                list_sem
 .text.list_event
                0x0000000008010808      0x118 build\kernel\components\finsh\cmd.o
                0x0000000008010808                list_event
 .text.list_mutex
                0x0000000008010920       0xe8 build\kernel\components\finsh\cmd.o
                0x0000000008010920                list_mutex
 .text.list_mailbox
                0x0000000008010a08      0x13c build\kernel\components\finsh\cmd.o
                0x0000000008010a08                list_mailbox
 .text.list_msgqueue
                0x0000000008010b44      0x12c build\kernel\components\finsh\cmd.o
                0x0000000008010b44                list_msgqueue
 .text.list_memheap
                0x0000000008010c70       0xd8 build\kernel\components\finsh\cmd.o
                0x0000000008010c70                list_memheap
 .text.list_mempool
                0x0000000008010d48      0x144 build\kernel\components\finsh\cmd.o
                0x0000000008010d48                list_mempool
 .text.list_timer
                0x0000000008010e8c      0x108 build\kernel\components\finsh\cmd.o
                0x0000000008010e8c                list_timer
 .text.list_device
                0x0000000008010f94       0xf0 build\kernel\components\finsh\cmd.o
                0x0000000008010f94                list_device
 .text.list     0x0000000008011084       0x6c build\kernel\components\finsh\cmd.o
                0x0000000008011084                list
 .text.msh_is_used
                0x00000000080110f0       0x10 build\kernel\components\finsh\msh.o
                0x00000000080110f0                msh_is_used
 .text.msh_help
                0x0000000008011100       0x7c build\kernel\components\finsh\msh.o
                0x0000000008011100                msh_help
 .text.cmd_ps   0x000000000801117c       0x18 build\kernel\components\finsh\msh.o
                0x000000000801117c                cmd_ps
 .text.cmd_free
                0x0000000008011194       0x18 build\kernel\components\finsh\msh.o
                0x0000000008011194                cmd_free
 .text.msh_split
                0x00000000080111ac      0x170 build\kernel\components\finsh\msh.o
 .text.msh_get_cmd
                0x000000000801131c       0x80 build\kernel\components\finsh\msh.o
 .text._msh_exec_cmd
                0x000000000801139c       0xd4 build\kernel\components\finsh\msh.o
 .text.msh_exec
                0x0000000008011470       0x98 build\kernel\components\finsh\msh.o
                0x0000000008011470                msh_exec
 .text.str_common
                0x0000000008011508       0x4a build\kernel\components\finsh\msh.o
 *fill*         0x0000000008011552        0x2 00000000
 .text.msh_auto_complete_path
                0x0000000008011554      0x228 build\kernel\components\finsh\msh.o
                0x0000000008011554                msh_auto_complete_path
 .text.msh_auto_complete
                0x000000000801177c      0x104 build\kernel\components\finsh\msh.o
                0x000000000801177c                msh_auto_complete
 .text.msh_readline
                0x0000000008011880       0xa2 build\kernel\components\finsh\msh_file.o
 *fill*         0x0000000008011922        0x2 00000000
 .text.msh_exec_script
                0x0000000008011924      0x17c build\kernel\components\finsh\msh_file.o
                0x0000000008011924                msh_exec_script
 .text.cmd_ls   0x0000000008011aa0       0x34 build\kernel\components\finsh\msh_file.o
                0x0000000008011aa0                cmd_ls
 .text.cmd_cp   0x0000000008011ad4       0x44 build\kernel\components\finsh\msh_file.o
                0x0000000008011ad4                cmd_cp
 .text.cmd_mv   0x0000000008011b18      0x138 build\kernel\components\finsh\msh_file.o
                0x0000000008011b18                cmd_mv
 .text.cmd_cat  0x0000000008011c50       0x58 build\kernel\components\finsh\msh_file.o
                0x0000000008011c50                cmd_cat
 .text.directory_delete_for_msh
                0x0000000008011ca8      0x13c build\kernel\components\finsh\msh_file.o
 .text.cmd_rm   0x0000000008011de4      0x1c4 build\kernel\components\finsh\msh_file.o
                0x0000000008011de4                cmd_rm
 .text.cmd_cd   0x0000000008011fa8       0x58 build\kernel\components\finsh\msh_file.o
                0x0000000008011fa8                cmd_cd
 .text.cmd_pwd  0x0000000008012000       0x24 build\kernel\components\finsh\msh_file.o
                0x0000000008012000                cmd_pwd
 .text.cmd_mkdir
                0x0000000008012024       0x40 build\kernel\components\finsh\msh_file.o
                0x0000000008012024                cmd_mkdir
 .text.cmd_mkfs
                0x0000000008012064       0x90 build\kernel\components\finsh\msh_file.o
                0x0000000008012064                cmd_mkfs
 .text.cmd_df   0x00000000080120f4       0x70 build\kernel\components\finsh\msh_file.o
                0x00000000080120f4                cmd_df
 .text.cmd_echo
                0x0000000008012164       0x94 build\kernel\components\finsh\msh_file.o
                0x0000000008012164                cmd_echo
 .text.__isleap
                0x00000000080121f8       0x60 build\kernel\components\libc\compilers\common\time.o
                0x00000000080121f8                __isleap
 .text.gmtime_r
                0x0000000008012258      0x1b4 build\kernel\components\libc\compilers\common\time.o
                0x0000000008012258                gmtime_r
 .text.localtime_r
                0x000000000801240c       0x1c build\kernel\components\libc\compilers\common\time.o
                0x000000000801240c                localtime_r
 .text.localtime
                0x0000000008012428       0x20 build\kernel\components\libc\compilers\common\time.o
                0x0000000008012428                localtime
 .text.mktime   0x0000000008012448      0x3b0 build\kernel\components\libc\compilers\common\time.o
                0x0000000008012448                mktime
 .text.time     0x00000000080127f8       0x34 build\kernel\components\libc\compilers\common\time.o
                0x00000000080127f8                time
 .text.libc_system_init
                0x000000000801282c       0x3c build\kernel\components\libc\compilers\newlib\libc.o
                0x000000000801282c                libc_system_init
 .text.libc_stdio_set_console
                0x0000000008012868      0x100 build\kernel\components\libc\compilers\newlib\stdio.o
                0x0000000008012868                libc_stdio_set_console
 .text.libc_stdio_get_console
                0x0000000008012968       0x28 build\kernel\components\libc\compilers\newlib\stdio.o
                0x0000000008012968                libc_stdio_get_console
 .text.__errno  0x0000000008012990        0xe build\kernel\components\libc\compilers\newlib\syscalls.o
                0x0000000008012990                __errno
 .text._close_r
                0x000000000801299e       0x1a build\kernel\components\libc\compilers\newlib\syscalls.o
                0x000000000801299e                _close_r
 .text._fstat_r
                0x00000000080129b8       0x22 build\kernel\components\libc\compilers\newlib\syscalls.o
                0x00000000080129b8                _fstat_r
 .text._isatty_r
                0x00000000080129da       0x30 build\kernel\components\libc\compilers\newlib\syscalls.o
                0x00000000080129da                _isatty_r
 .text._lseek_r
                0x0000000008012a0a       0x24 build\kernel\components\libc\compilers\newlib\syscalls.o
                0x0000000008012a0a                _lseek_r
 .text._open_r  0x0000000008012a2e       0x24 build\kernel\components\libc\compilers\newlib\syscalls.o
                0x0000000008012a2e                _open_r
 .text._read_r  0x0000000008012a52       0x24 build\kernel\components\libc\compilers\newlib\syscalls.o
                0x0000000008012a52                _read_r
 .text._write_r
                0x0000000008012a76       0x24 build\kernel\components\libc\compilers\newlib\syscalls.o
                0x0000000008012a76                _write_r
 .text._malloc_r
                0x0000000008012a9a       0x28 build\kernel\components\libc\compilers\newlib\syscalls.o
                0x0000000008012a9a                _malloc_r
 .text._realloc_r
                0x0000000008012ac2       0x2c build\kernel\components\libc\compilers\newlib\syscalls.o
                0x0000000008012ac2                _realloc_r
 .text._calloc_r
                0x0000000008012aee       0x2c build\kernel\components\libc\compilers\newlib\syscalls.o
                0x0000000008012aee                _calloc_r
 .text._free_r  0x0000000008012b1a       0x18 build\kernel\components\libc\compilers\newlib\syscalls.o
                0x0000000008012b1a                _free_r
 *fill*         0x0000000008012b32        0x2 00000000
 .text.EXTI_Init
                0x0000000008012b34       0xe4 Libraries\AT32_Std_Driver\AT32F4xx_StdPeriph_Driver\src\at32f4xx_exti.o
                0x0000000008012b34                EXTI_Init
 .text.EXTI_StructInit
                0x0000000008012c18       0x2c Libraries\AT32_Std_Driver\AT32F4xx_StdPeriph_Driver\src\at32f4xx_exti.o
                0x0000000008012c18                EXTI_StructInit
 .text.EXTI_GetIntStatus
                0x0000000008012c44       0x48 Libraries\AT32_Std_Driver\AT32F4xx_StdPeriph_Driver\src\at32f4xx_exti.o
                0x0000000008012c44                EXTI_GetIntStatus
 .text.EXTI_ClearIntPendingBit
                0x0000000008012c8c       0x20 Libraries\AT32_Std_Driver\AT32F4xx_StdPeriph_Driver\src\at32f4xx_exti.o
                0x0000000008012c8c                EXTI_ClearIntPendingBit
 .text.GPIO_Init
                0x0000000008012cac      0x17a Libraries\AT32_Std_Driver\AT32F4xx_StdPeriph_Driver\src\at32f4xx_gpio.o
                0x0000000008012cac                GPIO_Init
 .text.GPIO_StructInit
                0x0000000008012e26       0x28 Libraries\AT32_Std_Driver\AT32F4xx_StdPeriph_Driver\src\at32f4xx_gpio.o
                0x0000000008012e26                GPIO_StructInit
 .text.GPIO_ReadInputDataBit
                0x0000000008012e4e       0x34 Libraries\AT32_Std_Driver\AT32F4xx_StdPeriph_Driver\src\at32f4xx_gpio.o
                0x0000000008012e4e                GPIO_ReadInputDataBit
 .text.GPIO_WriteBit
                0x0000000008012e82       0x30 Libraries\AT32_Std_Driver\AT32F4xx_StdPeriph_Driver\src\at32f4xx_gpio.o
                0x0000000008012e82                GPIO_WriteBit
 *fill*         0x0000000008012eb2        0x2 00000000
 .text.GPIO_EXTILineConfig
                0x0000000008012eb4       0x84 Libraries\AT32_Std_Driver\AT32F4xx_StdPeriph_Driver\src\at32f4xx_gpio.o
                0x0000000008012eb4                GPIO_EXTILineConfig
 .text.RCC_GetClocksFreq
                0x0000000008012f38      0x1e4 Libraries\AT32_Std_Driver\AT32F4xx_StdPeriph_Driver\src\at32f4xx_rcc.o
                0x0000000008012f38                RCC_GetClocksFreq
 .text.RCC_APB2PeriphClockCmd
                0x000000000801311c       0x40 Libraries\AT32_Std_Driver\AT32F4xx_StdPeriph_Driver\src\at32f4xx_rcc.o
                0x000000000801311c                RCC_APB2PeriphClockCmd
 .text.RCC_APB1PeriphClockCmd
                0x000000000801315c       0x40 Libraries\AT32_Std_Driver\AT32F4xx_StdPeriph_Driver\src\at32f4xx_rcc.o
                0x000000000801315c                RCC_APB1PeriphClockCmd
 .text.RCC_APB2PeriphResetCmd
                0x000000000801319c       0x40 Libraries\AT32_Std_Driver\AT32F4xx_StdPeriph_Driver\src\at32f4xx_rcc.o
                0x000000000801319c                RCC_APB2PeriphResetCmd
 .text.RCC_APB1PeriphResetCmd
                0x00000000080131dc       0x40 Libraries\AT32_Std_Driver\AT32F4xx_StdPeriph_Driver\src\at32f4xx_rcc.o
                0x00000000080131dc                RCC_APB1PeriphResetCmd
 .text.RCC_StepModeCmd
                0x000000000801321c       0x3c Libraries\AT32_Std_Driver\AT32F4xx_StdPeriph_Driver\src\at32f4xx_rcc.o
                0x000000000801321c                RCC_StepModeCmd
 .text.USART_Reset
                0x0000000008013258       0xb8 Libraries\AT32_Std_Driver\AT32F4xx_StdPeriph_Driver\src\at32f4xx_usart.o
                0x0000000008013258                USART_Reset
 .text.USART_Init
                0x0000000008013310      0x174 Libraries\AT32_Std_Driver\AT32F4xx_StdPeriph_Driver\src\at32f4xx_usart.o
                0x0000000008013310                USART_Init
 .text.USART_StructInit
                0x0000000008013484       0x3a Libraries\AT32_Std_Driver\AT32F4xx_StdPeriph_Driver\src\at32f4xx_usart.o
                0x0000000008013484                USART_StructInit
 .text.USART_Cmd
                0x00000000080134be       0x40 Libraries\AT32_Std_Driver\AT32F4xx_StdPeriph_Driver\src\at32f4xx_usart.o
                0x00000000080134be                USART_Cmd
 .text.USART_INTConfig
                0x00000000080134fe       0x90 Libraries\AT32_Std_Driver\AT32F4xx_StdPeriph_Driver\src\at32f4xx_usart.o
                0x00000000080134fe                USART_INTConfig
 .text.USART_SendData
                0x000000000801358e       0x24 Libraries\AT32_Std_Driver\AT32F4xx_StdPeriph_Driver\src\at32f4xx_usart.o
                0x000000000801358e                USART_SendData
 .text.USART_ReceiveData
                0x00000000080135b2       0x20 Libraries\AT32_Std_Driver\AT32F4xx_StdPeriph_Driver\src\at32f4xx_usart.o
                0x00000000080135b2                USART_ReceiveData
 .text.USART_GetFlagStatus
                0x00000000080135d2       0x38 Libraries\AT32_Std_Driver\AT32F4xx_StdPeriph_Driver\src\at32f4xx_usart.o
                0x00000000080135d2                USART_GetFlagStatus
 .text.USART_ClearFlag
                0x000000000801360a       0x22 Libraries\AT32_Std_Driver\AT32F4xx_StdPeriph_Driver\src\at32f4xx_usart.o
                0x000000000801360a                USART_ClearFlag
 .text.USART_GetITStatus
                0x000000000801362c       0xb6 Libraries\AT32_Std_Driver\AT32F4xx_StdPeriph_Driver\src\at32f4xx_usart.o
                0x000000000801362c                USART_GetITStatus
 .text.USART_ClearITPendingBit
                0x00000000080136e2       0x3a Libraries\AT32_Std_Driver\AT32F4xx_StdPeriph_Driver\src\at32f4xx_usart.o
                0x00000000080136e2                USART_ClearITPendingBit
 .text.NVIC_Init
                0x000000000801371c       0xc8 Libraries\AT32_Std_Driver\AT32F4xx_StdPeriph_Driver\src\misc.o
                0x000000000801371c                NVIC_Init
 .text.get_pin  0x00000000080137e4       0x48 Libraries\rt_drivers\drv_gpio.o
 .text.at32_pin_write
                0x000000000801382c       0x3c Libraries\rt_drivers\drv_gpio.o
 .text.at32_pin_read
                0x0000000008013868       0x44 Libraries\rt_drivers\drv_gpio.o
 .text.at32_pin_mode
                0x00000000080138ac       0x8c Libraries\rt_drivers\drv_gpio.o
 .text.bit2bitno
                0x0000000008013938       0x3e Libraries\rt_drivers\drv_gpio.o
 *fill*         0x0000000008013976        0x2 00000000
 .text.get_pin_irq_map
                0x0000000008013978       0x3c Libraries\rt_drivers\drv_gpio.o
 .text.at32_pin_attach_irq
                0x00000000080139b4      0x148 Libraries\rt_drivers\drv_gpio.o
 .text.at32_pin_dettach_irq
                0x0000000008013afc       0xd0 Libraries\rt_drivers\drv_gpio.o
 .text.at32_pin_irq_enable
                0x0000000008013bcc      0x214 Libraries\rt_drivers\drv_gpio.o
 .text.pin_irq_hdr
                0x0000000008013de0       0x70 Libraries\rt_drivers\drv_gpio.o
 .text.GPIO_EXTI_IRQHandler
                0x0000000008013e50       0x22 Libraries\rt_drivers\drv_gpio.o
                0x0000000008013e50                GPIO_EXTI_IRQHandler
 .text.EXTI0_IRQHandler
                0x0000000008013e72       0x16 Libraries\rt_drivers\drv_gpio.o
                0x0000000008013e72                EXTI0_IRQHandler
 .text.EXTI1_IRQHandler
                0x0000000008013e88       0x1c Libraries\rt_drivers\drv_gpio.o
                0x0000000008013e88                EXTI1_IRQHandler
 .text.EXTI2_IRQHandler
                0x0000000008013ea4       0x16 Libraries\rt_drivers\drv_gpio.o
                0x0000000008013ea4                EXTI2_IRQHandler
 .text.EXTI3_IRQHandler
                0x0000000008013eba       0x16 Libraries\rt_drivers\drv_gpio.o
                0x0000000008013eba                EXTI3_IRQHandler
 .text.EXTI4_IRQHandler
                0x0000000008013ed0       0x16 Libraries\rt_drivers\drv_gpio.o
                0x0000000008013ed0                EXTI4_IRQHandler
 .text.EXTI9_5_IRQHandler
                0x0000000008013ee6       0x72 Libraries\rt_drivers\drv_gpio.o
                0x0000000008013ee6                EXTI9_5_IRQHandler
 .text.EXTI15_10_IRQHandler
                0x0000000008013f58       0x94 Libraries\rt_drivers\drv_gpio.o
                0x0000000008013f58                EXTI15_10_IRQHandler
 .text.rt_hw_pin_init
                0x0000000008013fec       0x4c Libraries\rt_drivers\drv_gpio.o
                0x0000000008013fec                rt_hw_pin_init
 .text.at32_configure
                0x0000000008014038      0x124 Libraries\rt_drivers\drv_usart.o
 .text.at32_control
                0x000000000801415c       0xa4 Libraries\rt_drivers\drv_usart.o
 .text.at32_putc
                0x0000000008014200       0x6c Libraries\rt_drivers\drv_usart.o
 .text.at32_getc
                0x000000000801426c       0x6c Libraries\rt_drivers\drv_usart.o
 .text.usart_isr
                0x00000000080142d8       0xf0 Libraries\rt_drivers\drv_usart.o
 .text.USART1_IRQHandler
                0x00000000080143c8       0x1c Libraries\rt_drivers\drv_usart.o
                0x00000000080143c8                USART1_IRQHandler
 .text.USART2_IRQHandler
                0x00000000080143e4       0x1c Libraries\rt_drivers\drv_usart.o
                0x00000000080143e4                USART2_IRQHandler
 .text.USART3_IRQHandler
                0x0000000008014400       0x1c Libraries\rt_drivers\drv_usart.o
                0x0000000008014400                USART3_IRQHandler
 .text.rt_hw_usart_init
                0x000000000801441c       0xc8 Libraries\rt_drivers\drv_usart.o
                0x000000000801441c                rt_hw_usart_init
 .text._fclose_r
                0x00000000080144e4       0xae c:/users/yaxing.chen/downloads/env_released_1.2.0/env/tools/gnu_gcc/arm_gcc/mingw/bin/../lib/gcc/arm-none-eabi/7.3.1/../../../../arm-none-eabi/lib/thumb/v7e-m/fpv4-sp/hard\libc.a(lib_a-fclose.o)
                0x00000000080144e4                _fclose_r
 *fill*         0x0000000008014592        0x2 00000000
 .text.fclose   0x0000000008014594       0x10 c:/users/yaxing.chen/downloads/env_released_1.2.0/env/tools/gnu_gcc/arm_gcc/mingw/bin/../lib/gcc/arm-none-eabi/7.3.1/../../../../arm-none-eabi/lib/thumb/v7e-m/fpv4-sp/hard\libc.a(lib_a-fclose.o)
                0x0000000008014594                fclose
 .text.__sflush_r
                0x00000000080145a4      0x11c c:/users/yaxing.chen/downloads/env_released_1.2.0/env/tools/gnu_gcc/arm_gcc/mingw/bin/../lib/gcc/arm-none-eabi/7.3.1/../../../../arm-none-eabi/lib/thumb/v7e-m/fpv4-sp/hard\libc.a(lib_a-fflush.o)
                0x00000000080145a4                __sflush_r
 .text._fflush_r
                0x00000000080146c0       0x4a c:/users/yaxing.chen/downloads/env_released_1.2.0/env/tools/gnu_gcc/arm_gcc/mingw/bin/../lib/gcc/arm-none-eabi/7.3.1/../../../../arm-none-eabi/lib/thumb/v7e-m/fpv4-sp/hard\libc.a(lib_a-fflush.o)
                0x00000000080146c0                _fflush_r
 *fill*         0x000000000801470a        0x2 00000000
 .text.fflush   0x000000000801470c       0x24 c:/users/yaxing.chen/downloads/env_released_1.2.0/env/tools/gnu_gcc/arm_gcc/mingw/bin/../lib/gcc/arm-none-eabi/7.3.1/../../../../arm-none-eabi/lib/thumb/v7e-m/fpv4-sp/hard\libc.a(lib_a-fflush.o)
                0x000000000801470c                fflush
 .text.fileno   0x0000000008014730       0x54 c:/users/yaxing.chen/downloads/env_released_1.2.0/env/tools/gnu_gcc/arm_gcc/mingw/bin/../lib/gcc/arm-none-eabi/7.3.1/../../../../arm-none-eabi/lib/thumb/v7e-m/fpv4-sp/hard\libc.a(lib_a-fileno.o)
                0x0000000008014730                fileno